Archive member included to satisfy reference by file (symbol)

c:/program files (x86)/atmel/studio/7.0/toolchain/avr8/avr8-gnu-toolchain/bin/../lib/gcc/avr/5.4.0/../../../../avr/lib/avrxmega6\libm.a(addsf3.o)
                              Tasks/GyroTask.o (__subsf3)
c:/program files (x86)/atmel/studio/7.0/toolchain/avr8/avr8-gnu-toolchain/bin/../lib/gcc/avr/5.4.0/../../../../avr/lib/avrxmega6\libm.a(addsf3x.o)
                              c:/program files (x86)/atmel/studio/7.0/toolchain/avr8/avr8-gnu-toolchain/bin/../lib/gcc/avr/5.4.0/../../../../avr/lib/avrxmega6\libm.a(addsf3.o) (__addsf3x)
c:/program files (x86)/atmel/studio/7.0/toolchain/avr8/avr8-gnu-toolchain/bin/../lib/gcc/avr/5.4.0/../../../../avr/lib/avrxmega6\libm.a(cmpsf2.o)
                              Tasks/LineFollowerDirectTask.o (__ltsf2)
c:/program files (x86)/atmel/studio/7.0/toolchain/avr8/avr8-gnu-toolchain/bin/../lib/gcc/avr/5.4.0/../../../../avr/lib/avrxmega6\libm.a(divsf3.o)
                              Tasks/GyroTask.o (__divsf3)
c:/program files (x86)/atmel/studio/7.0/toolchain/avr8/avr8-gnu-toolchain/bin/../lib/gcc/avr/5.4.0/../../../../avr/lib/avrxmega6\libm.a(divsf3x.o)
                              c:/program files (x86)/atmel/studio/7.0/toolchain/avr8/avr8-gnu-toolchain/bin/../lib/gcc/avr/5.4.0/../../../../avr/lib/avrxmega6\libm.a(divsf3.o) (__divsf3x)
c:/program files (x86)/atmel/studio/7.0/toolchain/avr8/avr8-gnu-toolchain/bin/../lib/gcc/avr/5.4.0/../../../../avr/lib/avrxmega6\libm.a(fixsfsi.o)
                              Tasks/LineFollowerDirectTask.o (__fixsfsi)
c:/program files (x86)/atmel/studio/7.0/toolchain/avr8/avr8-gnu-toolchain/bin/../lib/gcc/avr/5.4.0/../../../../avr/lib/avrxmega6\libm.a(fixunssfsi.o)
                              Tasks/TerminalTask.o (__fixunssfsi)
c:/program files (x86)/atmel/studio/7.0/toolchain/avr8/avr8-gnu-toolchain/bin/../lib/gcc/avr/5.4.0/../../../../avr/lib/avrxmega6\libm.a(floatsisf.o)
                              Tasks/OledMenuTask.o (__floatunsisf)
c:/program files (x86)/atmel/studio/7.0/toolchain/avr8/avr8-gnu-toolchain/bin/../lib/gcc/avr/5.4.0/../../../../avr/lib/avrxmega6\libm.a(fp_cmp.o)
                              c:/program files (x86)/atmel/studio/7.0/toolchain/avr8/avr8-gnu-toolchain/bin/../lib/gcc/avr/5.4.0/../../../../avr/lib/avrxmega6\libm.a(cmpsf2.o) (__fp_cmp)
c:/program files (x86)/atmel/studio/7.0/toolchain/avr8/avr8-gnu-toolchain/bin/../lib/gcc/avr/5.4.0/../../../../avr/lib/avrxmega6\libm.a(fp_inf.o)
                              c:/program files (x86)/atmel/studio/7.0/toolchain/avr8/avr8-gnu-toolchain/bin/../lib/gcc/avr/5.4.0/../../../../avr/lib/avrxmega6\libm.a(addsf3x.o) (__fp_inf)
c:/program files (x86)/atmel/studio/7.0/toolchain/avr8/avr8-gnu-toolchain/bin/../lib/gcc/avr/5.4.0/../../../../avr/lib/avrxmega6\libm.a(fp_nan.o)
                              c:/program files (x86)/atmel/studio/7.0/toolchain/avr8/avr8-gnu-toolchain/bin/../lib/gcc/avr/5.4.0/../../../../avr/lib/avrxmega6\libm.a(addsf3x.o) (__fp_nan)
c:/program files (x86)/atmel/studio/7.0/toolchain/avr8/avr8-gnu-toolchain/bin/../lib/gcc/avr/5.4.0/../../../../avr/lib/avrxmega6\libm.a(fp_pscA.o)
                              c:/program files (x86)/atmel/studio/7.0/toolchain/avr8/avr8-gnu-toolchain/bin/../lib/gcc/avr/5.4.0/../../../../avr/lib/avrxmega6\libm.a(addsf3x.o) (__fp_pscA)
c:/program files (x86)/atmel/studio/7.0/toolchain/avr8/avr8-gnu-toolchain/bin/../lib/gcc/avr/5.4.0/../../../../avr/lib/avrxmega6\libm.a(fp_pscB.o)
                              c:/program files (x86)/atmel/studio/7.0/toolchain/avr8/avr8-gnu-toolchain/bin/../lib/gcc/avr/5.4.0/../../../../avr/lib/avrxmega6\libm.a(addsf3x.o) (__fp_pscB)
c:/program files (x86)/atmel/studio/7.0/toolchain/avr8/avr8-gnu-toolchain/bin/../lib/gcc/avr/5.4.0/../../../../avr/lib/avrxmega6\libm.a(fp_round.o)
                              c:/program files (x86)/atmel/studio/7.0/toolchain/avr8/avr8-gnu-toolchain/bin/../lib/gcc/avr/5.4.0/../../../../avr/lib/avrxmega6\libm.a(addsf3.o) (__fp_round)
c:/program files (x86)/atmel/studio/7.0/toolchain/avr8/avr8-gnu-toolchain/bin/../lib/gcc/avr/5.4.0/../../../../avr/lib/avrxmega6\libm.a(fp_split3.o)
                              c:/program files (x86)/atmel/studio/7.0/toolchain/avr8/avr8-gnu-toolchain/bin/../lib/gcc/avr/5.4.0/../../../../avr/lib/avrxmega6\libm.a(addsf3x.o) (__fp_split3)
c:/program files (x86)/atmel/studio/7.0/toolchain/avr8/avr8-gnu-toolchain/bin/../lib/gcc/avr/5.4.0/../../../../avr/lib/avrxmega6\libm.a(fp_zero.o)
                              c:/program files (x86)/atmel/studio/7.0/toolchain/avr8/avr8-gnu-toolchain/bin/../lib/gcc/avr/5.4.0/../../../../avr/lib/avrxmega6\libm.a(addsf3x.o) (__fp_zero)
c:/program files (x86)/atmel/studio/7.0/toolchain/avr8/avr8-gnu-toolchain/bin/../lib/gcc/avr/5.4.0/../../../../avr/lib/avrxmega6\libm.a(gesf2.o)
                              Tasks/GyroTask.o (__gtsf2)
[...]
Memory Configuration

Name             Origin             Length             Attributes
text             0x00000000         0x00100000         xr
data             0x00802000         0x0000ffa0         rw !x
eeprom           0x00810000         0x00010000         rw !x
fuse             0x00820000         0x00000006         rw !x
lock             0x00830000         0x00000400         rw !x
signature        0x00840000         0x00000400         rw !x
user_signatures  0x00850000         0x00000400         rw !x
*default*        0x00000000         0xffffffff

Linker script and memory map

LOAD C:/Program Files (x86)/Atmel/Studio/7.0/Packs/atmel/XMEGAC_DFP/1.1.50/gcc/dev/atxmega384c3/avrxmega6/crtatxmega384c3.o
LOAD Drivers/DriverAdc.o
LOAD Drivers/DriverAdps9960.o
LOAD Drivers/DriverCursorstick.o
LOAD Drivers/DriverDbgUSART.o
LOAD Drivers/DriverLed.o
LOAD Drivers/DriverMotor.o
LOAD Drivers/DriverMPU6050.o
LOAD Drivers/DriverOled.o
LOAD Drivers/Driverpl9823USART.o
LOAD Drivers/DriverPower.o
LOAD Drivers/DriverSysClk.o
LOAD Drivers/DriverTWIMaster.o
LOAD Drivers/DriverUSART.o
LOAD Drivers/DriverVL53L0x.o
LOAD FreeRTOS/heap_2.o
LOAD FreeRTOS/list.o
LOAD FreeRTOS/port.o
LOAD FreeRTOS/queue.o
LOAD FreeRTOS/tasks.o
LOAD FreeRTOS/timers.o
LOAD hooks.o
LOAD main.o
LOAD memmap.o
LOAD Tasks/ADCTask.o
LOAD Tasks/GyroTask.o
LOAD Tasks/LineFollowerDirectTask.o
LOAD Tasks/LineFollowerSpeedTask.o
LOAD Tasks/MotionTask.o
LOAD Tasks/MotorPosTask.o
LOAD Tasks/MotorSpeedTask.o
LOAD Tasks/OledMenuTask.o
LOAD Tasks/RGBTask.o
LOAD Tasks/Disasterbot.o
LOAD Tasks/StartupTask.o
LOAD Tasks/TerminalTask.o
LOAD trace.o
START GROUP
LOAD c:/program files (x86)/atmel/studio/7.0/toolchain/avr8/avr8-gnu-toolchain/bin/../lib/gcc/avr/5.4.0/../../../../avr/lib/avrxmega6\libm.a
END GROUP
LOAD c:/program files (x86)/atmel/studio/7.0/toolchain/avr8/avr8-gnu-toolchain/bin/../lib/gcc/avr/5.4.0/../../../../avr/lib/avrxmega6\libprintf_flt.a
START GROUP
LOAD c:/program files (x86)/atmel/studio/7.0/toolchain/avr8/avr8-gnu-toolchain/bin/../lib/gcc/avr/5.4.0/avrxmega6\libgcc.a
LOAD c:/program files (x86)/atmel/studio/7.0/toolchain/avr8/avr8-gnu-toolchain/bin/../lib/gcc/avr/5.4.0/../../../../avr/lib/avrxmega6\libm.a
LOAD c:/program files (x86)/atmel/studio/7.0/toolchain/avr8/avr8-gnu-toolchain/bin/../lib/gcc/avr/5.4.0/../../../../avr/lib/avrxmega6\libc.a
LOAD C:/Program Files (x86)/Atmel/Studio/7.0/Packs/atmel/XMEGAC_DFP/1.1.50/gcc/dev/atxmega384c3/avrxmega6\libatxmega384c3.a
END GROUP
                0x00000000                __TEXT_REGION_ORIGIN__ = DEFINED (__TEXT_REGION_ORIGIN__)?__TEXT_REGION_ORIGIN__:0x0
                0x00802000                __DATA_REGION_ORIGIN__ = DEFINED (__DATA_REGION_ORIGIN__)?__DATA_REGION_ORIGIN__:0x802000
                0x00100000                __TEXT_REGION_LENGTH__ = DEFINED (__TEXT_REGION_LENGTH__)?__TEXT_REGION_LENGTH__:0x100000
                0x0000ffa0                __DATA_REGION_LENGTH__ = DEFINED (__DATA_REGION_LENGTH__)?__DATA_REGION_LENGTH__:0xffa0
                0x00010000                __EEPROM_REGION_LENGTH__ = DEFINED (__EEPROM_REGION_LENGTH__)?__EEPROM_REGION_LENGTH__:0x10000
                [0x00000006]                __FUSE_REGION_LENGTH__ = DEFINED (__FUSE_REGION_LENGTH__)?__FUSE_REGION_LENGTH__:0x400
                0x00000400                __LOCK_REGION_LENGTH__ = DEFINED (__LOCK_REGION_LENGTH__)?__LOCK_REGION_LENGTH__:0x400
                0x00000400                __SIGNATURE_REGION_LENGTH__ = DEFINED (__SIGNATURE_REGION_LENGTH__)?__SIGNATURE_REGION_LENGTH__:0x400
                0x00000400                __USER_SIGNATURE_REGION_LENGTH__ = DEFINED (__USER_SIGNATURE_REGION_LENGTH__)?__USER_SIGNATURE_REGION_LENGTH__:0x400

.hash
 *(.hash)

.dynsym
 *(.dynsym)

.dynstr
 *(.dynstr)

.gnu.version
 *(.gnu.version)

.gnu.version_d
 *(.gnu.version_d)

.gnu.version_r
 *(.gnu.version_r)

.rel.init
 *(.rel.init)

.rela.init
 *(.rela.init)

.rel.text
 *(.rel.text)
 *(.rel.text.*)
 *(.rel.gnu.linkonce.t*)

.rela.text
 *(.rela.text)
 *(.rela.text.*)
 *(.rela.gnu.linkonce.t*)

.rel.fini
 *(.rel.fini)

.rela.fini
 *(.rela.fini)

.rel.rodata
 *(.rel.rodata)
 *(.rel.rodata.*)
 *(.rel.gnu.linkonce.r*)

.rela.rodata
 *(.rela.rodata)
 *(.rela.rodata.*)
 *(.rela.gnu.linkonce.r*)

.rel.data
 *(.rel.data)
 *(.rel.data.*)
 *(.rel.gnu.linkonce.d*)

.rela.data
 *(.rela.data)
 *(.rela.data.*)
 *(.rela.gnu.linkonce.d*)

.rel.ctors
 *(.rel.ctors)

.rela.ctors
 *(.rela.ctors)

.rel.dtors
 *(.rel.dtors)

.rela.dtors
 *(.rela.dtors)

.rel.got
 *(.rel.got)

.rela.got
 *(.rela.got)

.rel.bss
 *(.rel.bss)

.rela.bss
 *(.rela.bss)

.rel.plt
 *(.rel.plt)

.rela.plt
 *(.rela.plt)

.text           0x00000000     0x7e62
 *(.vectors)
 .vectors       0x00000000      0x1fc C:/Program Files (x86)/Atmel/Studio/7.0/Packs/atmel/XMEGAC_DFP/1.1.50/gcc/dev/atxmega384c3/avrxmega6/crtatxmega384c3.o
                0x00000000                __vector_default
                0x00000000                __vectors
 *(.vectors)
 *(.progmem.gcc*)
                0x000001fc                . = ALIGN (0x2)
                0x000001fc                __trampolines_start = .
 *(.trampolines)
 .trampolines   0x000001fc       0x3c linker stubs
 *(.trampolines*)
                0x00000238                __trampolines_end = .
 *libprintf_flt.a:*(.progmem.data)
 .progmem.data  0x00000238        0x8 c:/program files (x86)/atmel/studio/7.0/toolchain/avr8/avr8-gnu-toolchain/bin/../lib/gcc/avr/5.4.0/../../../../avr/lib/avrxmega6\libprintf_flt.a(vfprintf_flt.o)
 *libc.a:*(.progmem.data)
 .progmem.data  0x00000240       0xfa c:/program files (x86)/atmel/studio/7.0/toolchain/avr8/avr8-gnu-toolchain/bin/../lib/gcc/avr/5.4.0/../../../../avr/lib/avrxmega6\libc.a(ftoa_engine.o)
 .progmem.data  0x0000033a       0x3b c:/program files (x86)/atmel/studio/7.0/toolchain/avr8/avr8-gnu-toolchain/bin/../lib/gcc/avr/5.4.0/../../../../avr/lib/avrxmega6\libc.a(strtod.o)
 *(.progmem*)
 .progmem.data.__c.4868
                0x00000375       0x53 Tasks/TerminalTask.o
 .progmem.data.__c.4866
                0x000003c8       0x6e Tasks/TerminalTask.o
 .progmem.data.__c.4864
                0x00000436       0x45 Tasks/TerminalTask.o
 .progmem.data.__c.4862
                0x0000047b       0x2a Tasks/TerminalTask.o
 .progmem.data.__c.4860
                0x000004a5       0x23 Tasks/TerminalTask.o
 .progmem.data.__c.4858
                0x000004c8       0x6d Tasks/TerminalTask.o
 .progmem.data.__c.4856
                0x00000535       0x34 Tasks/TerminalTask.o
 .progmem.data.__c.4854
                0x00000569       0x49 Tasks/TerminalTask.o
 .progmem.data.__c.4852
                0x000005b2       0x5f Tasks/TerminalTask.o
 .progmem.data.__c.4850
                0x00000611       0x56 Tasks/TerminalTask.o
 .progmem.data.__c.4848
                0x00000667       0x1a Tasks/TerminalTask.o
 .progmem.data.__c.4846
                0x00000681       0x1e Tasks/TerminalTask.o
 .progmem.data.__c.4844
                0x0000069f       0x17 Tasks/TerminalTask.o
 .progmem.data.__c.4842
                0x000006b6       0x10 Tasks/TerminalTask.o
                0x000006c6                . = ALIGN (0x2)
 *(.jumptables)
 *(.jumptables*)
 *(.lowtext)
 *(.lowtext*)
                0x000006c6                __ctors_start = .
 *(.ctors)
                0x000006c6                __ctors_end = .
                0x000006c6                __dtors_start = .
 *(.dtors)
                0x000006c6                __dtors_end = .
 SORT(*)(.ctors)
 SORT(*)(.dtors)
 *(.init0)
 .init0         0x000006c6        0x0 C:/Program Files (x86)/Atmel/Studio/7.0/Packs/atmel/XMEGAC_DFP/1.1.50/gcc/dev/atxmega384c3/avrxmega6/crtatxmega384c3.o
                0x000006c6                __init
 *(.init0)
 *(.init1)
 *(.init1)
 *(.init2)
 .init2         0x000006c6       0x10 C:/Program Files (x86)/Atmel/Studio/7.0/Packs/atmel/XMEGAC_DFP/1.1.50/gcc/dev/atxmega384c3/avrxmega6/crtatxmega384c3.o
 *(.init2)
 *(.init3)
 *(.init3)
 *(.init4)
 .init4         0x000006d6       0x1a c:/program files (x86)/atmel/studio/7.0/toolchain/avr8/avr8-gnu-toolchain/bin/../lib/gcc/avr/5.4.0/avrxmega6\libgcc.a(_copy_data.o)
                0x000006d6                __do_copy_data
 .init4         0x000006f0       0x10 c:/program files (x86)/atmel/studio/7.0/toolchain/avr8/avr8-gnu-toolchain/bin/../lib/gcc/avr/5.4.0/avrxmega6\libgcc.a(_clear_bss.o)
                0x000006f0                __do_clear_bss
 *(.init4)
 *(.init5)
 *(.init5)
 *(.init6)
 *(.init6)
 *(.init7)
 *(.init7)
 *(.init8)
 *(.init8)
 *(.init9)
 .init9         0x00000700        0x8 C:/Program Files (x86)/Atmel/Studio/7.0/Packs/atmel/XMEGAC_DFP/1.1.50/gcc/dev/atxmega384c3/avrxmega6/crtatxmega384c3.o
 *(.init9)
 *(.text)
 .text          0x00000708        0x4 C:/Program Files (x86)/Atmel/Studio/7.0/Packs/atmel/XMEGAC_DFP/1.1.50/gcc/dev/atxmega384c3/avrxmega6/crtatxmega384c3.o
                0x00000708                __vector_38
                0x00000708                __vector_22
                0x00000708                __vector_63
                0x00000708                __vector_28
                0x00000708                __vector_67
                0x00000708                __vector_1
                0x00000708                __vector_119
                0x00000708                __vector_32
                0x00000708                __vector_75
                0x00000708                __vector_91
                0x00000708                __vector_62
                0x00000708                __vector_77
                0x00000708                __vector_102
                0x00000708                __vector_24
                0x00000708                __vector_12
                0x00000708                __vector_55
                0x00000708                __vector_69
                0x00000708                __vector_81
                0x00000708                __vector_90
                0x00000708                __bad_interrupt
                0x00000708                __vector_122
                0x00000708                __vector_72
                0x00000708                __vector_114
                0x00000708                __vector_6
                0x00000708                __vector_110
                0x00000708                __vector_31
                0x00000708                __vector_92
                0x00000708                __vector_35
                0x00000708                __vector_78
                0x00000708                __vector_74
                0x00000708                __vector_117
                0x00000708                __vector_39
                0x00000708                __vector_107
                0x00000708                __vector_105
                0x00000708                __vector_98
                0x00000708                __vector_23
                0x00000708                __vector_68
                0x00000708                __vector_30
                0x00000708                __vector_73
                0x00000708                __vector_45
                0x00000708                __vector_25
                0x00000708                __vector_93
                0x00000708                __vector_61
                0x00000708                __vector_11
                0x00000708                __vector_54
                0x00000708                __vector_99
                0x00000708                __vector_13
                0x00000708                __vector_17
                0x00000708                __vector_19
                0x00000708                __vector_56
                0x00000708                __vector_7
                0x00000708                __vector_125
                0x00000708                __vector_49
                0x00000708                __vector_123
                0x00000708                __vector_41
                0x00000708                __vector_86
                0x00000708                __vector_100
                0x00000708                __vector_101
                0x00000708                __vector_64
                0x00000708                __vector_88
                0x00000708                __vector_109
                0x00000708                __vector_27
                0x00000708                __vector_5
                0x00000708                __vector_113
                0x00000708                __vector_33
                0x00000708                __vector_76
                0x00000708                __vector_115
                0x00000708                __vector_47
                0x00000708                __vector_52
                0x00000708                __vector_37
                0x00000708                __vector_95
                0x00000708                __vector_103
                0x00000708                __vector_96
                0x00000708                __vector_89
                0x00000708                __vector_108
                0x00000708                __vector_4
                0x00000708                __vector_82
                0x00000708                __vector_106
                0x00000708                __vector_118
                0x00000708                __vector_51
                0x00000708                __vector_9
                0x00000708                __vector_21
                0x00000708                __vector_15
                0x00000708                __vector_66
                0x00000708                __vector_36
                0x00000708                __vector_79
                0x00000708                __vector_70
                0x00000708                __vector_83
                0x00000708                __vector_29
                0x00000708                __vector_121
                0x00000708                __vector_40
                0x00000708                __vector_85
                0x00000708                __vector_94
                0x00000708                __vector_126
                0x00000708                __vector_8
                0x00000708                __vector_26
                0x00000708                __vector_48
                0x00000708                __vector_124
                0x00000708                __vector_116
                0x00000708                __vector_112
                0x00000708                __vector_111
                0x00000708                __vector_80
                0x00000708                __vector_84
                0x00000708                __vector_57
                0x00000708                __vector_53
                0x00000708                __vector_10
                0x00000708                __vector_50
                0x00000708                __vector_59
                0x00000708                __vector_18
                0x00000708                __vector_97
                0x00000708                __vector_20
                0x00000708                __vector_42
                0x00000708                __vector_87
                0x00000708                __vector_65
                0x00000708                __vector_120
                0x0000070c                . = ALIGN (0x2)
 *(.text.*)
 .text.DriverAdcInit
                0x0000070c       0x4e Drivers/DriverAdc.o
                0x0000070c                DriverAdcInit
 .text.DriverAdcGetCh
                0x0000075a       0xae Drivers/DriverAdc.o
                0x0000075a                DriverAdcGetCh
 .text.__vector_71
                0x00000808       0x78 Drivers/DriverAdc.o
                0x00000808                __vector_71
 .text.DriverAdps9960Init
                0x00000880       0x90 Drivers/DriverAdps9960.o
                0x00000880                DriverAdps9960Init
 .text.DriverAdps9960Get
                0x00000910       0xfc Drivers/DriverAdps9960.o
                0x00000910                DriverAdps9960Get
 .text.DriverCursorstickInit
                0x00000a0c       0x2e Drivers/DriverCursorstick.o
                0x00000a0c                DriverCursorstickInit
 .text.DriverCursorstickGet
                0x00000a3a       0x34 Drivers/DriverCursorstick.o
                0x00000a3a                DriverCursorstickGet
 .text.__vector_34
                0x00000a6e      0x12c Drivers/DriverCursorstick.o
                0x00000a6e                __vector_34
 .text.DbgPrint
                0x00000b9a       0x3e Drivers/DriverDbgUSART.o
                0x00000b9a                DbgPrint
 .text.DbgPrintn
                0x00000bd8       0x4a Drivers/DriverDbgUSART.o
                0x00000bd8                DbgPrintn
 .text.DbgPrintInt
                0x00000c22       0xbc Drivers/DriverDbgUSART.o
                0x00000c22                DbgPrintInt
 .text.DriverLedInit
                0x00000cde       0x1c Drivers/DriverLed.o
                0x00000cde                DriverLedInit
 .text.DriverLedSet
                0x00000cfa       0x20 Drivers/DriverLed.o
                0x00000cfa                DriverLedSet
 .text.DriverLedClear
                0x00000d1a       0x24 Drivers/DriverLed.o
                0x00000d1a                DriverLedClear
 .text.DriverMotorInit
                0x00000d3e       0x62 Drivers/DriverMotor.o
                0x00000d3e                DriverMotorInit
 .text.DriverMotorSet
                0x00000da0       0xd6 Drivers/DriverMotor.o
                0x00000da0                DriverMotorSet
 .text.DriverMotorGetEncoder
                0x00000e76       0x20 Drivers/DriverMotor.o
                0x00000e76                DriverMotorGetEncoder
 .text.__vector_2
                0x00000e96      0x10e Drivers/DriverMotor.o
                0x00000e96                __vector_2
 .text.__vector_3
                0x00000fa4      0x10e Drivers/DriverMotor.o
                0x00000fa4                __vector_3
 .text.__vector_43
                0x000010b2      0x10e Drivers/DriverMotor.o
                0x000010b2                __vector_43
 .text.__vector_44
                0x000011c0      0x130 Drivers/DriverMotor.o
                0x000011c0                __vector_44
 .text.DriverMotorResetEncoder
                0x000012f0       0x1c Drivers/DriverMotor.o
                0x000012f0                DriverMotorResetEncoder
 .text.DriverMPU6050Init
                0x0000130c      0x100 Drivers/DriverMPU6050.o
                0x0000130c                DriverMPU6050Init
 .text.DriverMPU6050GyroGet
                0x0000140c       0x9a Drivers/DriverMPU6050.o
                0x0000140c                DriverMPU6050GyroGet
 .text.set_page_address.part.0
                0x000014a6       0x56 Drivers/DriverOled.o
 .text.set_column_address.part.1
                0x000014fc       0x56 Drivers/DriverOled.o
 .text.DriverOLEDUpdate
                0x00001552       0x96 Drivers/DriverOled.o
                0x00001552                DriverOLEDUpdate
 .text.DriverOLEDInit
                0x000015e8      0x1ca Drivers/DriverOled.o
                0x000015e8                DriverOLEDInit
 .text.ShiftInBit
                0x000017b2       0x9e Drivers/Driverpl9823USART.o
                0x000017b2                ShiftInBit
 .text.ShiftIn0
                0x00001850       0x1e Drivers/Driverpl9823USART.o
                0x00001850                ShiftIn0
 .text.ShiftIn1
                0x0000186e       0x1e Drivers/Driverpl9823USART.o
                0x0000186e                ShiftIn1
 .text.ShiftInByte
                0x0000188c       0x28 Drivers/Driverpl9823USART.o
                0x0000188c                ShiftInByte
 .text.DriverPL9823Init
                0x000018b4        0xc Drivers/Driverpl9823USART.o
                0x000018b4                DriverPL9823Init
 .text.DriverPL9823Set
                0x000018c0      0x12a Drivers/Driverpl9823USART.o
                0x000018c0                DriverPL9823Set
 .text.DriverPowerInit
                0x000019ea        0x8 Drivers/DriverPower.o
                0x000019ea                DriverPowerInit
 .text.DriverPowerVccAuxSet
                0x000019f2       0x14 Drivers/DriverPower.o
                0x000019f2                DriverPowerVccAuxSet
 .text.DriverSysClkXtalInit
                0x00001a06       0x36 Drivers/DriverSysClk.o
                0x00001a06                DriverSysClkXtalInit
 .text.DriverTWIMInit
                0x00001a3c       0x3e Drivers/DriverTWIMaster.o
                0x00001a3c                DriverTWIMInit
 .text.TWIMWriteRead
                0x00001a7a      0x11e Drivers/DriverTWIMaster.o
                0x00001a7a                TWIMWriteRead
 .text.TWIMWrite
                0x00001b98       0x10 Drivers/DriverTWIMaster.o
                0x00001b98                TWIMWrite
 .text.TWIMWriteHandler
                0x00001ba8       0x72 Drivers/DriverTWIMaster.o
                0x00001ba8                TWIMWriteHandler
 .text.TWIMReadHandler
                0x00001c1a       0x6a Drivers/DriverTWIMaster.o
                0x00001c1a                TWIMReadHandler
 .text.__vector_46
                0x00001c84       0xd4 Drivers/DriverTWIMaster.o
                0x00001c84                __vector_46
 .text.stdio_getchar
                0x00001d58       0x2c Drivers/DriverUSART.o
 .text.stdio_putchar
                0x00001d84       0x58 Drivers/DriverUSART.o
 .text.DriverUSARTInit
                0x00001ddc       0x5a Drivers/DriverUSART.o
                0x00001ddc                DriverUSARTInit
 .text.__vector_60
                0x00001e36       0x8e Drivers/DriverUSART.o
                0x00001e36                __vector_60
 .text.__vector_58
                0x00001ec4       0x8a Drivers/DriverUSART.o
                0x00001ec4                __vector_58
 .text.pvPortMalloc
                0x00001f4e      0x13e FreeRTOS/heap_2.o
                0x00001f4e                pvPortMalloc
 .text.vPortFree
                0x0000208c       0x56 FreeRTOS/heap_2.o
                0x0000208c                vPortFree
 .text.vListInitialise
                0x000020e2       0x1c FreeRTOS/list.o
                0x000020e2                vListInitialise
 .text.vListInitialiseItem
                0x000020fe        0x8 FreeRTOS/list.o
                0x000020fe                vListInitialiseItem
 .text.vListInsertEnd
                0x00002106       0x42 FreeRTOS/list.o
                0x00002106                vListInsertEnd
 .text.vListInsert
                0x00002148       0x62 FreeRTOS/list.o
                0x00002148                vListInsert
 .text.uxListRemove
                0x000021aa       0x4c FreeRTOS/list.o
                0x000021aa                uxListRemove
 .text.pxPortInitialiseStack
                0x000021f6       0xdc FreeRTOS/port.o
                0x000021f6                pxPortInitialiseStack
 .text.xPortStartScheduler
                0x000022d2       0x7a FreeRTOS/port.o
                0x000022d2                xPortStartScheduler
 .text.vPortYield
                0x0000234c       0xb2 FreeRTOS/port.o
                0x0000234c                vPortYield
 .text.vPortYieldISR
                0x000023fe       0x48 FreeRTOS/port.o
                0x000023fe                vPortYieldISR
 .text.__vector_14
                0x00002446       0xe6 FreeRTOS/port.o
                0x00002446                __vector_14
 .text.vConfigureTimerForRunTimeStats
                0x0000252c        0x2 FreeRTOS/port.o
                0x0000252c                vConfigureTimerForRunTimeStats
 .text.__vector_16
                0x0000252e       0xbe FreeRTOS/port.o
                0x0000252e                __vector_16
 .text.prvCopyDataToQueue
                0x000025ec       0xb4 FreeRTOS/queue.o
 .text.prvCopyDataFromQueue
                0x000026a0       0x30 FreeRTOS/queue.o
 .text.prvUnlockQueue
                0x000026d0       0xa6 FreeRTOS/queue.o
 .text.xQueueGenericReset
                0x00002776       0x9a FreeRTOS/queue.o
                0x00002776                xQueueGenericReset
 .text.xQueueGenericCreate
                0x00002810       0x88 FreeRTOS/queue.o
                0x00002810                xQueueGenericCreate
 .text.xQueueGenericSend
                0x00002898      0x19e FreeRTOS/queue.o
                0x00002898                xQueueGenericSend
 .text.xQueueCreateMutex
                0x00002a36       0x34 FreeRTOS/queue.o
                0x00002a36                xQueueCreateMutex
 .text.xQueueGenericSendFromISR
                0x00002a6a       0xb6 FreeRTOS/queue.o
                0x00002a6a                xQueueGenericSendFromISR
 .text.xQueueGiveFromISR
                0x00002b20       0xa6 FreeRTOS/queue.o
                0x00002b20                xQueueGiveFromISR
 .text.xQueueReceive
                0x00002bc6      0x17a FreeRTOS/queue.o
                0x00002bc6                xQueueReceive
 .text.xQueueSemaphoreTake
                0x00002d40      0x1f4 FreeRTOS/queue.o
                0x00002d40                xQueueSemaphoreTake
 .text.xQueuePeek
                0x00002f34      0x17a FreeRTOS/queue.o
                0x00002f34                xQueuePeek
 .text.xQueueReceiveFromISR
                0x000030ae       0x96 FreeRTOS/queue.o
                0x000030ae                xQueueReceiveFromISR
 .text.uxQueueMessagesWaiting
                0x00003144       0x2a FreeRTOS/queue.o
                0x00003144                uxQueueMessagesWaiting
 .text.prvIdleTask
                0x0000316e       0x5c FreeRTOS/tasks.o
 .text.prvWriteNameToBuffer
                0x000031ca       0x46 FreeRTOS/tasks.o
 .text.prvResetNextTaskUnblockTime.part.0
                0x00003210       0x22 FreeRTOS/tasks.o
 .text.prvTaskIsTaskSuspended
                0x00003232       0x3e FreeRTOS/tasks.o
 .text.prvAddCurrentTaskToDelayedList
                0x00003270       0xb8 FreeRTOS/tasks.o
 .text.vTaskSwitchContext.part.5
                0x00003328      0x184 FreeRTOS/tasks.o
 .text.xTaskCreate
                0x000034ac      0x26c FreeRTOS/tasks.o
                0x000034ac                xTaskCreate
 .text.eTaskGetState
                0x00003718       0x98 FreeRTOS/tasks.o
                0x00003718                eTaskGetState
 .text.vTaskSuspend
                0x000037b0       0xfa FreeRTOS/tasks.o
                0x000037b0                vTaskSuspend
 .text.vTaskResume
                0x000038aa       0xa0 FreeRTOS/tasks.o
                0x000038aa                vTaskResume
 .text.vTaskStartScheduler
                0x0000394a       0x6e FreeRTOS/tasks.o
                0x0000394a                vTaskStartScheduler
 .text.vTaskSuspendAll
                0x000039b8        0xc FreeRTOS/tasks.o
                0x000039b8                vTaskSuspendAll
 .text.xTaskGetTickCount
                0x000039c4       0x14 FreeRTOS/tasks.o
                0x000039c4                xTaskGetTickCount
 .text.xTaskIncrementTick
                0x000039d8      0x1b4 FreeRTOS/tasks.o
                0x000039d8                xTaskIncrementTick
 .text.xTaskResumeAll
                0x00003b8c      0x11e FreeRTOS/tasks.o
                0x00003b8c                xTaskResumeAll
 .text.vTaskDelayUntil
                0x00003caa       0xac FreeRTOS/tasks.o
                0x00003caa                vTaskDelayUntil
 .text.vTaskDelay
                0x00003d56       0x4a FreeRTOS/tasks.o
                0x00003d56                vTaskDelay
 .text.vTaskSwitchContext
                0x00003da0       0x14 FreeRTOS/tasks.o
                0x00003da0                vTaskSwitchContext
 .text.vTaskPlaceOnEventList
                0x00003db4       0x40 FreeRTOS/tasks.o
                0x00003db4                vTaskPlaceOnEventList
 .text.xTaskRemoveFromEventList
                0x00003df4       0xae FreeRTOS/tasks.o
                0x00003df4                xTaskRemoveFromEventList
 .text.vTaskInternalSetTimeOutState
                0x00003ea2       0x16 FreeRTOS/tasks.o
                0x00003ea2                vTaskInternalSetTimeOutState
 .text.xTaskCheckForTimeOut
                0x00003eb8       0xae FreeRTOS/tasks.o
                0x00003eb8                xTaskCheckForTimeOut
 .text.vTaskMissedYield
                0x00003f66        0x8 FreeRTOS/tasks.o
                0x00003f66                vTaskMissedYield
 .text.vTaskGetInfo
                0x00003f6e       0xfc FreeRTOS/tasks.o
                0x00003f6e                vTaskGetInfo
 .text.prvListTasksWithinSingleList.part.6
                0x0000406a       0xc4 FreeRTOS/tasks.o
 .text.uxTaskGetSystemState
                0x0000412e      0x174 FreeRTOS/tasks.o
                0x0000412e                uxTaskGetSystemState
 .text.xTaskPriorityInherit
                0x000042a2       0xe6 FreeRTOS/tasks.o
                0x000042a2                xTaskPriorityInherit
 .text.xTaskPriorityDisinherit
                0x00004388       0xae FreeRTOS/tasks.o
                0x00004388                xTaskPriorityDisinherit
 .text.vTaskPriorityDisinheritAfterTimeout
                0x00004436       0xde FreeRTOS/tasks.o
                0x00004436                vTaskPriorityDisinheritAfterTimeout
 .text.vTaskGetRunTimeStats
                0x00004514      0x16c FreeRTOS/tasks.o
                0x00004514                vTaskGetRunTimeStats
 .text.pvTaskIncrementMutexHeldCount
                0x00004680       0x24 FreeRTOS/tasks.o
                0x00004680                pvTaskIncrementMutexHeldCount
 .text.vApplicationIdleHook
                0x000046a4        0x2 hooks.o
                0x000046a4                vApplicationIdleHook
 .text.vApplicationMallocFailedHook
                0x000046a6       0x3e hooks.o
                0x000046a6                vApplicationMallocFailedHook
 .text.vApplicationStackOverflowHook
                0x000046e4       0x54 hooks.o
                0x000046e4                vApplicationStackOverflowHook
 .text.vAssertCalled
                0x00004738       0x64 hooks.o
                0x00004738                vAssertCalled
 .text.startup.main
                0x0000479c       0x30 main.o
                0x0000479c                main
 .text.cmpfunc  0x000047cc       0x28 memmap.o
                0x000047cc                cmpfunc
 .text.MemMap   0x000047f4      0x27e memmap.o
                0x000047f4                MemMap
 .text.WorkerADC
                0x00004a72       0x72 Tasks/ADCTask.o
                0x00004a72                WorkerADC
 .text.InitADCTask
                0x00004ae4       0x3a Tasks/ADCTask.o
                0x00004ae4                InitADCTask
 .text.GetADCData
                0x00004b1e       0x52 Tasks/ADCTask.o
                0x00004b1e                GetADCData
 .text.WorkerGyro
                0x00004b70      0x186 Tasks/GyroTask.o
 .text.InitGyroTask
                0x00004cf6       0x36 Tasks/GyroTask.o
                0x00004cf6                InitGyroTask
 .text.GyroGet  0x00004d2c       0x76 Tasks/GyroTask.o
                0x00004d2c                GyroGet
 .text.WorkerLineFollowerDirect
                0x00004da2       0xc4 Tasks/LineFollowerDirectTask.o
 .text.InitLineFollowerDirectTask
                0x00004e66       0x36 Tasks/LineFollowerDirectTask.o
                0x00004e66                InitLineFollowerDirectTask
 .text.EnableLineFollowerDirectTask
                0x00004e9c        0xc Tasks/LineFollowerDirectTask.o
                0x00004e9c                EnableLineFollowerDirectTask
 .text.DisableLineFollowerDirectTask
                0x00004ea8        0xc Tasks/LineFollowerDirectTask.o
                0x00004ea8                DisableLineFollowerDirectTask
 .text.WorkerLineFollowerSpeed
                0x00004eb4      0x124 Tasks/LineFollowerSpeedTask.o
                0x00004eb4                WorkerLineFollowerSpeed
 .text.InitLineFollowerSpeedTask
                0x00004fd8       0x4c Tasks/LineFollowerSpeedTask.o
                0x00004fd8                InitLineFollowerSpeedTask
 .text.StartLineFollower
                0x00005024       0x26 Tasks/LineFollowerSpeedTask.o
                0x00005024                StartLineFollower
 .text.StopLineFollower
                0x0000504a       0x16 Tasks/LineFollowerSpeedTask.o
                0x0000504a                StopLineFollower
 .text.WorkerMotion
                0x00005060      0x446 Tasks/MotionTask.o
 .text.InitMotionTask
                0x000054a6       0x4c Tasks/MotionTask.o
                0x000054a6                InitMotionTask
 .text.DriveStraight
                0x000054f2       0x56 Tasks/MotionTask.o
                0x000054f2                DriveStraight
 .text.DriveSegment
                0x00005548       0x4e Tasks/MotionTask.o
                0x00005548                DriveSegment
 .text.RotateCenter
                0x00005596       0x56 Tasks/MotionTask.o
                0x00005596                RotateCenter
 .text.WorkerMotorPos
                0x000055ec      0x28a Tasks/MotorPosTask.o
                0x000055ec                WorkerMotorPos
 .text.EnableMotorPosTask
                0x00005876       0x32 Tasks/MotorPosTask.o
                0x00005876                EnableMotorPosTask
 .text.DisableMotorPosTask
                0x000058a8       0x18 Tasks/MotorPosTask.o
                0x000058a8                DisableMotorPosTask
 .text.InitMotorPosTask
                0x000058c0       0x70 Tasks/MotorPosTask.o
                0x000058c0                InitMotorPosTask
 .text.MotorPosIncSet
                0x00005930       0x38 Tasks/MotorPosTask.o
                0x00005930                MotorPosIncSet
 .text.WorkerMotorSpeed
                0x00005968       0x48 Tasks/MotorSpeedTask.o
                0x00005968                WorkerMotorSpeed
 .text.InitMotorSpeedTask
                0x000059b0       0x60 Tasks/MotorSpeedTask.o
                0x000059b0                InitMotorSpeedTask
 .text.EnableMotorSpeedTask
                0x00005a10       0x18 Tasks/MotorSpeedTask.o
                0x00005a10                EnableMotorSpeedTask
 .text.DisableMotorSpeedTask
                0x00005a28        0xc Tasks/MotorSpeedTask.o
                0x00005a28                DisableMotorSpeedTask
 .text.MotorSpeedSet
                0x00005a34       0x20 Tasks/MotorSpeedTask.o
                0x00005a34                MotorSpeedSet
 .text.WorkerRGB
                0x00005a54       0xda Tasks/RGBTask.o
                0x00005a54                WorkerRGB
 .text.InitRGBTask
                0x00005b2e       0x5c Tasks/RGBTask.o
                0x00005b2e                InitRGBTask
 .text.SetRGB   0x00005b8a       0x2c Tasks/RGBTask.o
                0x00005b8a                SetRGB
 .text.workerLineSleepTask
                0x00005bb6       0x86 Tasks/Disasterbot.o
 .text.InitLineSleepTask
                0x00005c3c       0x52 Tasks/Disasterbot.o
                0x00005c3c                InitLineSleepTask
 .text.GetSleepFlag
                0x00005c8e        0x6 Tasks/Disasterbot.o
                0x00005c8e                GetSleepFlag
 .text.__vector_104
                0x00005c94       0x6c Tasks/Disasterbot.o
                0x00005c94                __vector_104
 .text.WorkerStartup
                0x00005d00       0x72 Tasks/StartupTask.o
 .text.InitStartupTask
                0x00005d72       0x28 Tasks/StartupTask.o
                0x00005d72                InitStartupTask
 .text.WorkerTerminal
                0x00005d9a      0x4e0 Tasks/TerminalTask.o
 .text.InitTerminalTask
                0x0000627a       0x28 Tasks/TerminalTask.o
                0x0000627a                InitTerminalTask
 .text.avr-libc.fplib
                0x000062a2        0xe c:/program files (x86)/atmel/studio/7.0/toolchain/avr8/avr8-gnu-toolchain/bin/../lib/gcc/avr/5.4.0/../../../../avr/lib/avrxmega6\libm.a(addsf3.o)
                0x000062a2                __subsf3
                0x000062a4                __addsf3
 .text.avr-libc.fplib
                0x000062b0       0xcc c:/program files (x86)/atmel/studio/7.0/toolchain/avr8/avr8-gnu-toolchain/bin/../lib/gcc/avr/5.4.0/../../../../avr/lib/avrxmega6\libm.a(addsf3x.o)
                0x000062d2                __addsf3x
 .text.avr-libc.fplib
                0x0000637c        0xa c:/program files (x86)/atmel/studio/7.0/toolchain/avr8/avr8-gnu-toolchain/bin/../lib/gcc/avr/5.4.0/../../../../avr/lib/avrxmega6\libm.a(cmpsf2.o)
                0x0000637c                __nesf2
                0x0000637c                __eqsf2
                0x0000637c                __cmpsf2
                0x0000637c                __ltsf2
                0x0000637c                __lesf2
 .text.avr-libc.fplib
                0x00006386        0x8 c:/program files (x86)/atmel/studio/7.0/toolchain/avr8/avr8-gnu-toolchain/bin/../lib/gcc/avr/5.4.0/../../../../avr/lib/avrxmega6\libm.a(divsf3.o)
                0x00006386                __divsf3
 .text.avr-libc.fplib
                0x0000638e       0xdc c:/program files (x86)/atmel/studio/7.0/toolchain/avr8/avr8-gnu-toolchain/bin/../lib/gcc/avr/5.4.0/../../../../avr/lib/avrxmega6\libm.a(divsf3x.o)
                0x000063ae                __divsf3x
                0x000063b4                __divsf3_pse
 .text.avr-libc.fplib
                0x0000646a        0xe c:/program files (x86)/atmel/studio/7.0/toolchain/avr8/avr8-gnu-toolchain/bin/../lib/gcc/avr/5.4.0/../../../../avr/lib/avrxmega6\libm.a(fixsfsi.o)
                0x0000646a                __fixsfsi
 .text.avr-libc.fplib
                0x00006478       0x5e c:/program files (x86)/atmel/studio/7.0/toolchain/avr8/avr8-gnu-toolchain/bin/../lib/gcc/avr/5.4.0/../../../../avr/lib/avrxmega6\libm.a(fixunssfsi.o)
                0x00006478                __fixunssfsi
 .text.avr-libc.fplib
                0x000064d6       0x7a c:/program files (x86)/atmel/studio/7.0/toolchain/avr8/avr8-gnu-toolchain/bin/../lib/gcc/avr/5.4.0/../../../../avr/lib/avrxmega6\libm.a(floatsisf.o)
                0x000064d6                __floatunsisf
                0x000064da                __floatsisf
 .text.avr-libc.fplib
                0x00006550       0x48 c:/program files (x86)/atmel/studio/7.0/toolchain/avr8/avr8-gnu-toolchain/bin/../lib/gcc/avr/5.4.0/../../../../avr/lib/avrxmega6\libm.a(fp_cmp.o)
                0x00006550                __fp_cmp
 .text.avr-libc.fplib
                0x00006598        0xc c:/program files (x86)/atmel/studio/7.0/toolchain/avr8/avr8-gnu-toolchain/bin/../lib/gcc/avr/5.4.0/../../../../avr/lib/avrxmega6\libm.a(fp_inf.o)
                0x00006598                __fp_inf
 .text.avr-libc.fplib
                0x000065a4        0x6 c:/program files (x86)/atmel/studio/7.0/toolchain/avr8/avr8-gnu-toolchain/bin/../lib/gcc/avr/5.4.0/../../../../avr/lib/avrxmega6\libm.a(fp_nan.o)
                0x000065a4                __fp_nan
 .text.avr-libc.fplib
                0x000065aa        0xe c:/program files (x86)/atmel/studio/7.0/toolchain/avr8/avr8-gnu-toolchain/bin/../lib/gcc/avr/5.4.0/../../../../avr/lib/avrxmega6\libm.a(fp_pscA.o)
                0x000065aa                __fp_pscA
 .text.avr-libc.fplib
                0x000065b8        0xe c:/program files (x86)/atmel/studio/7.0/toolchain/avr8/avr8-gnu-toolchain/bin/../lib/gcc/avr/5.4.0/../../../../avr/lib/avrxmega6\libm.a(fp_pscB.o)
                0x000065b8                __fp_pscB
 .text.avr-libc.fplib
                0x000065c6       0x22 c:/program files (x86)/atmel/studio/7.0/toolchain/avr8/avr8-gnu-toolchain/bin/../lib/gcc/avr/5.4.0/../../../../avr/lib/avrxmega6\libm.a(fp_round.o)
                0x000065c6                __fp_round
 .text.avr-libc.fplib
                0x000065e8       0x44 c:/program files (x86)/atmel/studio/7.0/toolchain/avr8/avr8-gnu-toolchain/bin/../lib/gcc/avr/5.4.0/../../../../avr/lib/avrxmega6\libm.a(fp_split3.o)
                0x000065e8                __fp_split3
                0x000065f8                __fp_splitA
 .text.avr-libc.fplib
                0x0000662c        0xe c:/program files (x86)/atmel/studio/7.0/toolchain/avr8/avr8-gnu-toolchain/bin/../lib/gcc/avr/5.4.0/../../../../avr/lib/avrxmega6\libm.a(fp_zero.o)
                0x0000662c                __fp_zero
                0x0000662e                __fp_szero
 .text.avr-libc.fplib
                0x0000663a        0xa c:/program files (x86)/atmel/studio/7.0/toolchain/avr8/avr8-gnu-toolchain/bin/../lib/gcc/avr/5.4.0/../../../../avr/lib/avrxmega6\libm.a(gesf2.o)
                0x0000663a                __gesf2
                0x0000663a                __gtsf2
 .text.avr-libc.fplib
                0x00006644        0x8 c:/program files (x86)/atmel/studio/7.0/toolchain/avr8/avr8-gnu-toolchain/bin/../lib/gcc/avr/5.4.0/../../../../avr/lib/avrxmega6\libm.a(mulsf3.o)
                0x00006644                __mulsf3
 .text.avr-libc.fplib
                0x0000664c       0xd2 c:/program files (x86)/atmel/studio/7.0/toolchain/avr8/avr8-gnu-toolchain/bin/../lib/gcc/avr/5.4.0/../../../../avr/lib/avrxmega6\libm.a(mulsf3x.o)
                0x0000666a                __mulsf3x
                0x00006670                __mulsf3_pse
 .text.avr-libc
                0x0000671e      0x740 c:/program files (x86)/atmel/studio/7.0/toolchain/avr8/avr8-gnu-toolchain/bin/../lib/gcc/avr/5.4.0/../../../../avr/lib/avrxmega6\libprintf_flt.a(vfprintf_flt.o)
                0x0000671e                vfprintf
 .text.libgcc.div
                0x00006e5e       0x28 c:/program files (x86)/atmel/studio/7.0/toolchain/avr8/avr8-gnu-toolchain/bin/../lib/gcc/avr/5.4.0/avrxmega6\libgcc.a(_udivmodhi4.o)
                0x00006e5e                __udivmodhi4
 .text.libgcc.div
                0x00006e86       0x28 c:/program files (x86)/atmel/studio/7.0/toolchain/avr8/avr8-gnu-toolchain/bin/../lib/gcc/avr/5.4.0/avrxmega6\libgcc.a(_divmodhi4.o)
                0x00006e86                _div
                0x00006e86                __divmodhi4
 .text.libgcc.div
                0x00006eae       0x44 c:/program files (x86)/atmel/studio/7.0/toolchain/avr8/avr8-gnu-toolchain/bin/../lib/gcc/avr/5.4.0/avrxmega6\libgcc.a(_udivmodsi4.o)
                0x00006eae                __udivmodsi4
 .text.libgcc.mul
                0x00006ef2       0x1e c:/program files (x86)/atmel/studio/7.0/toolchain/avr8/avr8-gnu-toolchain/bin/../lib/gcc/avr/5.4.0/avrxmega6\libgcc.a(_umulhisi3.o)
                0x00006ef2                __umulhisi3
 .text.libgcc.mul
                0x00006f10       0x16 c:/program files (x86)/atmel/studio/7.0/toolchain/avr8/avr8-gnu-toolchain/bin/../lib/gcc/avr/5.4.0/avrxmega6\libgcc.a(_muluhisi3.o)
                0x00006f10                __muluhisi3
 .text.avr-libc
                0x00006f26      0x242 c:/program files (x86)/atmel/studio/7.0/toolchain/avr8/avr8-gnu-toolchain/bin/../lib/gcc/avr/5.4.0/../../../../avr/lib/avrxmega6\libc.a(malloc.o)
                0x00006f26                malloc
                0x00007056                free
 .text.avr-libc
                0x00007168      0x41c c:/program files (x86)/atmel/studio/7.0/toolchain/avr8/avr8-gnu-toolchain/bin/../lib/gcc/avr/5.4.0/../../../../avr/lib/avrxmega6\libc.a(qsort.o)
                0x000071f6                qsort
 .text.avr-libc
                0x00007584        0x8 c:/program files (x86)/atmel/studio/7.0/toolchain/avr8/avr8-gnu-toolchain/bin/../lib/gcc/avr/5.4.0/../../../../avr/lib/avrxmega6\libc.a(atof.o)
                0x00007584                atof
 .text.avr-libc
                0x0000758c      0x1b0 c:/program files (x86)/atmel/studio/7.0/toolchain/avr8/avr8-gnu-toolchain/bin/../lib/gcc/avr/5.4.0/../../../../avr/lib/avrxmega6\libc.a(ftoa_engine.o)
                0x0000758c                __ftoa_engine
 .text.avr-libc
                0x0000773c       0x16 c:/program files (x86)/atmel/studio/7.0/toolchain/avr8/avr8-gnu-toolchain/bin/../lib/gcc/avr/5.4.0/../../../../avr/lib/avrxmega6\libc.a(strnlen_P.o)
                0x0000773c                strnlen_P
 .text.avr-libc
                0x00007752        0x8 c:/program files (x86)/atmel/studio/7.0/toolchain/avr8/avr8-gnu-toolchain/bin/../lib/gcc/avr/5.4.0/../../../../avr/lib/avrxmega6\libc.a(strtok.o)
                0x00007752                strtok
 .text.avr-libc
                0x0000775a       0x12 c:/program files (x86)/atmel/studio/7.0/toolchain/avr8/avr8-gnu-toolchain/bin/../lib/gcc/avr/5.4.0/../../../../avr/lib/avrxmega6\libc.a(memcpy.o)
                0x0000775a                memcpy
 .text.avr-libc
                0x0000776c        0xe c:/program files (x86)/atmel/studio/7.0/toolchain/avr8/avr8-gnu-toolchain/bin/../lib/gcc/avr/5.4.0/../../../../avr/lib/avrxmega6\libc.a(memset.o)
                0x0000776c                memset
 .text.avr-libc
                0x0000777a        0xe c:/program files (x86)/atmel/studio/7.0/toolchain/avr8/avr8-gnu-toolchain/bin/../lib/gcc/avr/5.4.0/../../../../avr/lib/avrxmega6\libc.a(strcpy.o)
                0x0000777a                strcpy
 .text.avr-libc
                0x00007788       0x16 c:/program files (x86)/atmel/studio/7.0/toolchain/avr8/avr8-gnu-toolchain/bin/../lib/gcc/avr/5.4.0/../../../../avr/lib/avrxmega6\libc.a(strnlen.o)
                0x00007788                strnlen
 .text.avr-libc
                0x0000779e       0x34 c:/program files (x86)/atmel/studio/7.0/toolchain/avr8/avr8-gnu-toolchain/bin/../lib/gcc/avr/5.4.0/../../../../avr/lib/avrxmega6\libc.a(strstr.o)
                0x0000779e                strstr
 .text.avr-libc
                0x000077d2       0x4e c:/program files (x86)/atmel/studio/7.0/toolchain/avr8/avr8-gnu-toolchain/bin/../lib/gcc/avr/5.4.0/../../../../avr/lib/avrxmega6\libc.a(strtok_r.o)
                0x000077d2                strtok_r
 .text.avr-libc
                0x00007820       0x64 c:/program files (x86)/atmel/studio/7.0/toolchain/avr8/avr8-gnu-toolchain/bin/../lib/gcc/avr/5.4.0/../../../../avr/lib/avrxmega6\libc.a(fgets.o)
                0x00007820                fgets
 .text.avr-libc
                0x00007884       0x78 c:/program files (x86)/atmel/studio/7.0/toolchain/avr8/avr8-gnu-toolchain/bin/../lib/gcc/avr/5.4.0/../../../../avr/lib/avrxmega6\libc.a(fputc.o)
                0x00007884                fputc
 .text.avr-libc
                0x000078fc       0x28 c:/program files (x86)/atmel/studio/7.0/toolchain/avr8/avr8-gnu-toolchain/bin/../lib/gcc/avr/5.4.0/../../../../avr/lib/avrxmega6\libc.a(printf.o)
                0x000078fc                printf
 .text.avr-libc
                0x00007924       0x50 c:/program files (x86)/atmel/studio/7.0/toolchain/avr8/avr8-gnu-toolchain/bin/../lib/gcc/avr/5.4.0/../../../../avr/lib/avrxmega6\libc.a(printf_p.o)
                0x00007924                printf_P
 .text.avr-libc
                0x00007974       0x60 c:/program files (x86)/atmel/studio/7.0/toolchain/avr8/avr8-gnu-toolchain/bin/../lib/gcc/avr/5.4.0/../../../../avr/lib/avrxmega6\libc.a(puts.o)
                0x00007974                puts
 .text.avr-libc
                0x000079d4       0x52 c:/program files (x86)/atmel/studio/7.0/toolchain/avr8/avr8-gnu-toolchain/bin/../lib/gcc/avr/5.4.0/../../../../avr/lib/avrxmega6\libc.a(sprintf.o)
                0x000079d4                sprintf
 .text.avr-libc
                0x00007a26       0xbc c:/program files (x86)/atmel/studio/7.0/toolchain/avr8/avr8-gnu-toolchain/bin/../lib/gcc/avr/5.4.0/../../../../avr/lib/avrxmega6\libc.a(ultoa_invert.o)
                0x00007a26                __ultoa_invert
 .text.avr-libc
                0x00007ae2      0x2b8 c:/program files (x86)/atmel/studio/7.0/toolchain/avr8/avr8-gnu-toolchain/bin/../lib/gcc/avr/5.4.0/../../../../avr/lib/avrxmega6\libc.a(strtod.o)
                0x00007ae2                strtod
 .text.avr-libc
                0x00007d9a       0x12 c:/program files (x86)/atmel/studio/7.0/toolchain/avr8/avr8-gnu-toolchain/bin/../lib/gcc/avr/5.4.0/../../../../avr/lib/avrxmega6\libc.a(isspace.o)
                0x00007d9a                isspace
 .text.avr-libc
                0x00007dac       0x30 c:/program files (x86)/atmel/studio/7.0/toolchain/avr8/avr8-gnu-toolchain/bin/../lib/gcc/avr/5.4.0/../../../../avr/lib/avrxmega6\libc.a(strncasecmp_P.o)
                0x00007dac                strncasecmp_P
 .text.avr-libc
                0x00007ddc       0x7c c:/program files (x86)/atmel/studio/7.0/toolchain/avr8/avr8-gnu-toolchain/bin/../lib/gcc/avr/5.4.0/../../../../avr/lib/avrxmega6\libc.a(fgetc.o)
                0x00007ddc                fgetc
 .text.avr-libc
                0x00007e58        0x6 c:/program files (x86)/atmel/studio/7.0/toolchain/avr8/avr8-gnu-toolchain/bin/../lib/gcc/avr/5.4.0/../../../../avr/lib/avrxmega6\libc.a(cty_isfalse.o)
                0x00007e58                __ctype_isfalse
                0x00007e5c                __ctype_istrue
                0x00007e5e                . = ALIGN (0x2)
 *(.fini9)
 .fini9         0x00007e5e        0x0 c:/program files (x86)/atmel/studio/7.0/toolchain/avr8/avr8-gnu-toolchain/bin/../lib/gcc/avr/5.4.0/avrxmega6\libgcc.a(_exit.o)
                0x00007e5e                _exit
                0x00007e5e                exit
 *(.fini9)
 *(.fini8)
 *(.fini8)
 *(.fini7)
 *(.fini7)
 *(.fini6)
 *(.fini6)
 *(.fini5)
 *(.fini5)
 *(.fini4)
 *(.fini4)
 *(.fini3)
 *(.fini3)
 *(.fini2)
 *(.fini2)
 *(.fini1)
 *(.fini1)
 *(.fini0)
 .fini0         0x00007e5e        0x4 c:/program files (x86)/atmel/studio/7.0/toolchain/avr8/avr8-gnu-toolchain/bin/../lib/gcc/avr/5.4.0/avrxmega6\libgcc.a(_exit.o)
 *(.fini0)
                0x00007e62                _etext = .

.data           0x00802000      0x450 load address 0x00007e62
                0x00802000                PROVIDE (__data_start, .)
 *(.data)
 .data          0x00802000        0x6 c:/program files (x86)/atmel/studio/7.0/toolchain/avr8/avr8-gnu-toolchain/bin/../lib/gcc/avr/5.4.0/../../../../avr/lib/avrxmega6\libc.a(malloc.o)
                0x00802000                __malloc_heap_end
                0x00802002                __malloc_heap_start
                0x00802004                __malloc_margin
 *(.data*)
 .data.UsartStdio
                0x00802006        0xe Drivers/DriverUSART.o
 .data.xFreeBytesRemaining
                0x00802014        0x2 FreeRTOS/heap_2.o
 *(.gnu.linkonce.d*)
 *(.rodata)
 *(.rodata*)
 .rodata.str1.1
                0x00802016       0x41 Drivers/DriverAdps9960.o
 .rodata.str1.1
                0x00802057       0x4c Drivers/DriverMPU6050.o
 .rodata.str1.1
                0x008020a3       0x1f Drivers/Driverpl9823USART.o
 .rodata.str1.1
                0x008020c2       0x18 Drivers/DriverTWIMaster.o
 .rodata.str1.1
                0x008020da       0x14 FreeRTOS/queue.o
 .rodata.str1.1
                0x008020ee       0x43 FreeRTOS/tasks.o
 .rodata.str1.1
                0x00802131       0x55 hooks.o
                                 0x58 (size before relaxing)
 .rodata.str1.1
                0x00802186      0x1de memmap.o
 .rodata.str1.1
                0x00802364        0x4 Tasks/ADCTask.o
 .rodata.str1.1
                0x00802368        0x5 Tasks/GyroTask.o
 .rodata.str1.1
                0x0080236d        0x9 Tasks/LineFollowerDirectTask.o
 .rodata.str1.1
                0x00802376        0x8 Tasks/LineFollowerSpeedTask.o
 .rodata.str1.1
                0x0080237e        0x7 Tasks/MotionTask.o
 .rodata.str1.1
                0x00802385        0x7 Tasks/MotorPosTask.o
 .rodata.str1.1
                0x0080238c        0x7 Tasks/MotorSpeedTask.o
 .rodata.str1.1
                0x00802393        0x7 Tasks/RGBTask.o
                                  0x4 (size before relaxing)
 .rodata.str1.1
                0x00802393       0x17 Tasks/Disasterbot.o
                                 0x1b (size before relaxing)
 .rodata.str1.1
                0x008023aa        0x8 Tasks/StartupTask.o
 .rodata.str1.1
                0x008023b2       0x9e Tasks/TerminalTask.o
                                 0xa0 (size before relaxing)
 *(.gnu.linkonce.r*)
                0x00802450                . = ALIGN (0x2)
                0x00802450                _edata = .
                0x00802450                PROVIDE (__data_end, .)

.bss            0x00802450      0x56b
                0x00802450                PROVIDE (__bss_start, .)
 *(.bss)
 .bss           0x00802450        0x2 c:/program files (x86)/atmel/studio/7.0/toolchain/avr8/avr8-gnu-toolchain/bin/../lib/gcc/avr/5.4.0/../../../../avr/lib/avrxmega6\libc.a(strtok.o)
 *(.bss*)
 .bss.LastIntTime.4324
                0x00802452        0x4 Drivers/DriverCursorstick.o
 .bss.CursorstickQueue
                0x00802456        0x2 Drivers/DriverCursorstick.o
 .bss.pf.3635   0x00802458        0x1 Drivers/DriverDbgUSART.o
 .bss.i.3634    0x00802459        0x2 Drivers/DriverDbgUSART.o
 .bss.i.3624    0x0080245b        0x2 Drivers/DriverDbgUSART.o
 .bss.DriverOLEDInitialized
                0x0080245d        0x1 Drivers/DriverOled.o
 .bss.GlobOrientation
                0x0080245e        0x1 Drivers/DriverOled.o
 .bss.buffer    0x0080245f      0x400 Drivers/DriverOled.o
 .bss.TxIdx     0x0080285f        0x1 Drivers/Driverpl9823USART.o
 .bss.DataBuffer
                0x00802860       0x4e Drivers/Driverpl9823USART.o
 .bss.ByteIdx   0x008028ae        0x1 Drivers/Driverpl9823USART.o
 .bss.BitIdx    0x008028af        0x1 Drivers/Driverpl9823USART.o
 .bss.SemaRx    0x008028b0        0x2 Drivers/DriverTWIMaster.o
 .bss.SemaBus   0x008028b2        0x2 Drivers/DriverTWIMaster.o
 .bss.Twim_result
                0x008028b4        0x1 Drivers/DriverTWIMaster.o
 .bss.Twim_status
                0x008028b5        0x1 Drivers/DriverTWIMaster.o
 .bss.Twim_bytesRead
                0x008028b6        0x1 Drivers/DriverTWIMaster.o
 .bss.Twim_bytesWritten
                0x008028b7        0x1 Drivers/DriverTWIMaster.o
 .bss.Twim_bytesToRead
                0x008028b8        0x1 Drivers/DriverTWIMaster.o
 .bss.Twim_bytesToWrite
                0x008028b9        0x1 Drivers/DriverTWIMaster.o
 .bss.Twim_readData
                0x008028ba        0x2 Drivers/DriverTWIMaster.o
 .bss.Twim_writeData
                0x008028bc        0x2 Drivers/DriverTWIMaster.o
 .bss.Twim_address
                0x008028be        0x1 Drivers/DriverTWIMaster.o
 .bss.xHeapHasBeenInitialised.4135
                0x008028bf        0x1 FreeRTOS/heap_2.o
 .bss.xEnd      0x008028c0        0x4 FreeRTOS/heap_2.o
 .bss.xStart    0x008028c4        0x4 FreeRTOS/heap_2.o
 .bss.ulTaskSwitchedInTime
                0x008028c8        0x4 FreeRTOS/tasks.o
 .bss.uxSchedulerSuspended
                0x008028cc        0x1 FreeRTOS/tasks.o
 .bss.xIdleTaskHandle
                0x008028cd        0x2 FreeRTOS/tasks.o
 .bss.xNextTaskUnblockTime
                0x008028cf        0x2 FreeRTOS/tasks.o
 .bss.uxTaskNumber
                0x008028d1        0x1 FreeRTOS/tasks.o
 .bss.xNumOfOverflows
                0x008028d2        0x1 FreeRTOS/tasks.o
 .bss.xYieldPending
                0x008028d3        0x1 FreeRTOS/tasks.o
 .bss.uxPendedTicks
                0x008028d4        0x1 FreeRTOS/tasks.o
 .bss.xSchedulerRunning
                0x008028d5        0x1 FreeRTOS/tasks.o
 .bss.uxTopReadyPriority
                0x008028d6        0x1 FreeRTOS/tasks.o
 .bss.xTickCount
                0x008028d7        0x2 FreeRTOS/tasks.o
 .bss.uxCurrentNumberOfTasks
                0x008028d9        0x1 FreeRTOS/tasks.o
 .bss.xSuspendedTaskList
                0x008028da        0x9 FreeRTOS/tasks.o
 .bss.uxDeletedTasksWaitingCleanUp
                0x008028e3        0x1 FreeRTOS/tasks.o
 .bss.xTasksWaitingTermination
                0x008028e4        0x9 FreeRTOS/tasks.o
 .bss.xPendingReadyList
                0x008028ed        0x9 FreeRTOS/tasks.o
 .bss.pxOverflowDelayedTaskList
                0x008028f6        0x2 FreeRTOS/tasks.o
 .bss.pxDelayedTaskList
                0x008028f8        0x2 FreeRTOS/tasks.o
 .bss.xDelayedTaskList2
                0x008028fa        0x9 FreeRTOS/tasks.o
 .bss.xDelayedTaskList1
                0x00802903        0x9 FreeRTOS/tasks.o
 .bss.pxReadyTasksLists
                0x0080290c       0x5a FreeRTOS/tasks.o
 .bss.pxCurrentTCB
                0x00802966        0x2 FreeRTOS/tasks.o
                0x00802966                pxCurrentTCB
 .bss.GlobYaw   0x00802968        0x4 Tasks/GyroTask.o
 .bss.GlobYawRate
                0x0080296c        0x4 Tasks/GyroTask.o
 .bss.GyroSema  0x00802970        0x2 Tasks/GyroTask.o
 .bss.LineFollowerDirectTaskHandle
                0x00802972        0x2 Tasks/LineFollowerDirectTask.o
 .bss.StopSema  0x00802974        0x2 Tasks/LineFollowerSpeedTask.o
 .bss.StartSema
                0x00802976        0x2 Tasks/LineFollowerSpeedTask.o
 .bss.Speed     0x00802978        0x4 Tasks/LineFollowerSpeedTask.o
 .bss.ReqSpeed  0x0080297c        0x4 Tasks/LineFollowerSpeedTask.o
 .bss.CmdCompleteSema
                0x00802980        0x2 Tasks/MotionTask.o
 .bss.CmdQueue  0x00802982        0x2 Tasks/MotionTask.o
 .bss.xLastWakeTime
                0x00802984        0x2 Tasks/MotorPosTask.o
 .bss.MotorPosTaskHandle
                0x00802986        0x2 Tasks/MotorPosTask.o
 .bss.IncSetQueue
                0x00802988        0x2 Tasks/MotorPosTask.o
 .bss.ResetSetpointSema
                0x0080298a        0x2 Tasks/MotorPosTask.o
 .bss.xLastWakeTime
                0x0080298c        0x2 Tasks/MotorSpeedTask.o
 .bss.MotorSpeedTaskHandle
                0x0080298e        0x2 Tasks/MotorSpeedTask.o
 .bss.MotorSpeedQueue
                0x00802990        0x2 Tasks/MotorSpeedTask.o
 .bss.MotorSpeed
                0x00802992        0x4 Tasks/MotorSpeedTask.o
 *(COMMON)
 COMMON         0x00802996        0x4 Drivers/DriverAdc.o
                0x00802996                ConversionCompleteSema
                0x00802998                AdcBusySema
 COMMON         0x0080299a        0x6 Drivers/DriverMotor.o
                0x0080299a                Cnt1
                0x0080299c                Cnt2
                0x0080299e                EncoderEventQueue
 COMMON         0x008029a0        0x4 Drivers/DriverUSART.o
                0x008029a0                UsartRxQueue
                0x008029a2                UsartTxQueue
 COMMON         0x008029a4        0x4 FreeRTOS/port.o
                0x008029a4                StatsTimer
 COMMON         0x008029a8        0x2 main.o
                0x008029a8                ucHeap
 COMMON         0x008029aa        0x2 Tasks/ADCTask.o
                0x008029aa                ADCQueue
 COMMON         0x008029ac        0x2 Tasks/RGBTask.o
                0x008029ac                EffectQueue
 COMMON         0x008029ae        0x1 Tasks/Disasterbot.o
                0x008029ae                sleep
 COMMON         0x008029af        0x4 c:/program files (x86)/atmel/studio/7.0/toolchain/avr8/avr8-gnu-toolchain/bin/../lib/gcc/avr/5.4.0/../../../../avr/lib/avrxmega6\libc.a(malloc.o)
                0x008029af                __brkval
                0x008029b1                __flp
 COMMON         0x008029b3        0x6 c:/program files (x86)/atmel/studio/7.0/toolchain/avr8/avr8-gnu-toolchain/bin/../lib/gcc/avr/5.4.0/../../../../avr/lib/avrxmega6\libc.a(iob.o)
                0x008029b3                __iob
 COMMON         0x008029b9        0x2 c:/program files (x86)/atmel/studio/7.0/toolchain/avr8/avr8-gnu-toolchain/bin/../lib/gcc/avr/5.4.0/../../../../avr/lib/avrxmega6\libc.a(errno.o)
                0x008029b9                errno
                0x008029bb                PROVIDE (__bss_end, .)
                0x00007e62                __data_load_start = LOADADDR (.data)
                0x000082b2                __data_load_end = (__data_load_start + SIZEOF (.data))

.noinit         0x008029bb        0x0
                [!provide]                PROVIDE (__noinit_start, .)
 *(.noinit*)
                [!provide]                PROVIDE (__noinit_end, .)
                0x008029bb                _end = .
                0x008029bb                PROVIDE (__heap_start, .)

.eeprom         0x00810000        0x0
 *(.eeprom*)
                0x00810000                __eeprom_end = .

.fuse
 *(.fuse)
 *(.lfuse)
 *(.hfuse)
 *(.efuse)

.lock
 *(.lock*)

.signature
 *(.signature*)

.user_signatures
 *(.user_signatures*)

.stab
 *(.stab)

.stabstr
 *(.stabstr)

.stab.excl
 *(.stab.excl)

.stab.exclstr
 *(.stab.exclstr)

.stab.index
 *(.stab.index)

.stab.indexstr
 *(.stab.indexstr)

.comment        0x00000000       0x5c
 *(.comment)
 .comment       0x00000000       0x30 Drivers/DriverAdc.o
                                 0x31 (size before relaxing)
 .comment       0x00000030       0x31 Drivers/DriverAdps9960.o
 .comment       0x00000030       0x31 Drivers/DriverCursorstick.o
 .comment       0x00000030       0x31 Drivers/DriverDbgUSART.o
 .comment       0x00000030       0x31 Drivers/DriverLed.o
 .comment       0x00000030       0x31 Drivers/DriverMotor.o
 .comment       0x00000030       0x31 Drivers/DriverMPU6050.o
 .comment       0x00000030       0x31 Drivers/DriverOled.o
 .comment       0x00000030       0x31 Drivers/Driverpl9823USART.o
 .comment       0x00000030       0x31 Drivers/DriverPower.o
 .comment       0x00000030       0x31 Drivers/DriverSysClk.o
 .comment       0x00000030       0x31 Drivers/DriverTWIMaster.o
 .comment       0x00000030       0x31 Drivers/DriverUSART.o
 .comment       0x00000030       0x31 FreeRTOS/heap_2.o
 .comment       0x00000030       0x31 FreeRTOS/list.o
 .comment       0x00000030       0x31 FreeRTOS/port.o
 .comment       0x00000030       0x31 FreeRTOS/queue.o
 .comment       0x00000030       0x31 FreeRTOS/tasks.o
 .comment       0x00000030       0x31 hooks.o
 .comment       0x00000030       0x31 main.o
 .comment       0x00000030       0x31 memmap.o
 .comment       0x00000030       0x31 Tasks/ADCTask.o
 .comment       0x00000030       0x31 Tasks/GyroTask.o
 .comment       0x00000030       0x31 Tasks/LineFollowerDirectTask.o
 .comment       0x00000030       0x31 Tasks/LineFollowerSpeedTask.o
 .comment       0x00000030       0x31 Tasks/MotionTask.o
 .comment       0x00000030       0x31 Tasks/MotorPosTask.o
 .comment       0x00000030       0x31 Tasks/MotorSpeedTask.o
 .comment       0x00000030       0x31 Tasks/RGBTask.o
 .comment       0x00000030       0x31 Tasks/Disasterbot.o
 .comment       0x00000030       0x31 Tasks/StartupTask.o
 .comment       0x00000030       0x31 Tasks/TerminalTask.o
 .comment       0x00000030       0x2c c:/program files (x86)/atmel/studio/7.0/toolchain/avr8/avr8-gnu-toolchain/bin/../lib/gcc/avr/5.4.0/../../../../avr/lib/avrxmega6\libprintf_flt.a(vfprintf_flt.o)
                                 0x2d (size before relaxing)
 .comment       0x0000005c       0x31 c:/program files (x86)/atmel/studio/7.0/toolchain/avr8/avr8-gnu-toolchain/bin/../lib/gcc/avr/5.4.0/../../../../avr/lib/avrxmega6\libc.a(malloc.o)
 .comment       0x0000005c       0x31 c:/program files (x86)/atmel/studio/7.0/toolchain/avr8/avr8-gnu-toolchain/bin/../lib/gcc/avr/5.4.0/../../../../avr/lib/avrxmega6\libc.a(qsort.o)
 .comment       0x0000005c       0x31 c:/program files (x86)/atmel/studio/7.0/toolchain/avr8/avr8-gnu-toolchain/bin/../lib/gcc/avr/5.4.0/../../../../avr/lib/avrxmega6\libc.a(strtok.o)
 .comment       0x0000005c       0x31 c:/program files (x86)/atmel/studio/7.0/toolchain/avr8/avr8-gnu-toolchain/bin/../lib/gcc/avr/5.4.0/../../../../avr/lib/avrxmega6\libc.a(fgets.o)
 .comment       0x0000005c       0x31 c:/program files (x86)/atmel/studio/7.0/toolchain/avr8/avr8-gnu-toolchain/bin/../lib/gcc/avr/5.4.0/../../../../avr/lib/avrxmega6\libc.a(fputc.o)
 .comment       0x0000005c       0x31 c:/program files (x86)/atmel/studio/7.0/toolchain/avr8/avr8-gnu-toolchain/bin/../lib/gcc/avr/5.4.0/../../../../avr/lib/avrxmega6\libc.a(iob.o)
 .comment       0x0000005c       0x31 c:/program files (x86)/atmel/studio/7.0/toolchain/avr8/avr8-gnu-toolchain/bin/../lib/gcc/avr/5.4.0/../../../../avr/lib/avrxmega6\libc.a(printf.o)
 .comment       0x0000005c       0x31 c:/program files (x86)/atmel/studio/7.0/toolchain/avr8/avr8-gnu-toolchain/bin/../lib/gcc/avr/5.4.0/../../../../avr/lib/avrxmega6\libc.a(printf_p.o)
 .comment       0x0000005c       0x31 c:/program files (x86)/atmel/studio/7.0/toolchain/avr8/avr8-gnu-toolchain/bin/../lib/gcc/avr/5.4.0/../../../../avr/lib/avrxmega6\libc.a(puts.o)
 .comment       0x0000005c       0x31 c:/program files (x86)/atmel/studio/7.0/toolchain/avr8/avr8-gnu-toolchain/bin/../lib/gcc/avr/5.4.0/../../../../avr/lib/avrxmega6\libc.a(sprintf.o)
 .comment       0x0000005c       0x31 c:/program files (x86)/atmel/studio/7.0/toolchain/avr8/avr8-gnu-toolchain/bin/../lib/gcc/avr/5.4.0/../../../../avr/lib/avrxmega6\libc.a(strtod.o)
 .comment       0x0000005c       0x31 c:/program files (x86)/atmel/studio/7.0/toolchain/avr8/avr8-gnu-toolchain/bin/../lib/gcc/avr/5.4.0/../../../../avr/lib/avrxmega6\libc.a(fgetc.o)
 .comment       0x0000005c       0x2d c:/program files (x86)/atmel/studio/7.0/toolchain/avr8/avr8-gnu-toolchain/bin/../lib/gcc/avr/5.4.0/../../../../avr/lib/avrxmega6\libc.a(errno.o)

.note.gnu.avr.deviceinfo
                0x00000000       0x40
 .note.gnu.avr.deviceinfo
                0x00000000       0x40 C:/Program Files (x86)/Atmel/Studio/7.0/Packs/atmel/XMEGAC_DFP/1.1.50/gcc/dev/atxmega384c3/avrxmega6/crtatxmega384c3.o

.note.gnu.build-id
 *(.note.gnu.build-id)

.debug
 *(.debug)

.line
 *(.line)

.debug_srcinfo
 *(.debug_srcinfo)

.debug_sfnames
 *(.debug_sfnames)

.debug_aranges  0x00000000      0xa50
 *(.debug_aranges)
 .debug_aranges
                0x00000000       0x30 Drivers/DriverAdc.o
 .debug_aranges
                0x00000030       0x28 Drivers/DriverAdps9960.o
 .debug_aranges
                0x00000058       0x38 Drivers/DriverCursorstick.o
 .debug_aranges
                0x00000090       0x30 Drivers/DriverDbgUSART.o
 .debug_aranges
                0x000000c0       0x40 Drivers/DriverLed.o
 .debug_aranges
                0x00000100       0x60 Drivers/DriverMotor.o
 .debug_aranges
                0x00000160       0x28 Drivers/DriverMPU6050.o
 .debug_aranges
                0x00000188      0x100 Drivers/DriverOled.o
 .debug_aranges
                0x00000288       0x70 Drivers/Driverpl9823USART.o
 .debug_aranges
                0x000002f8       0x28 Drivers/DriverPower.o
 .debug_aranges
                0x00000320       0x20 Drivers/DriverSysClk.o
 .debug_aranges
                0x00000340       0x60 Drivers/DriverTWIMaster.o
 .debug_aranges
                0x000003a0       0x40 Drivers/DriverUSART.o
 .debug_aranges
                0x000003e0       0x38 FreeRTOS/heap_2.o
 .debug_aranges
                0x00000418       0x40 FreeRTOS/list.o
 .debug_aranges
                0x00000458       0x50 FreeRTOS/port.o
 .debug_aranges
                0x000004a8       0xf0 FreeRTOS/queue.o
 .debug_aranges
                0x00000598      0x1d0 FreeRTOS/tasks.o
 .debug_aranges
                0x00000768       0x38 hooks.o
 .debug_aranges
                0x000007a0       0x20 main.o
 .debug_aranges
                0x000007c0       0x28 memmap.o
 .debug_aranges
                0x000007e8       0x30 Tasks/ADCTask.o
 .debug_aranges
                0x00000818       0x30 Tasks/GyroTask.o
 .debug_aranges
                0x00000848       0x38 Tasks/LineFollowerDirectTask.o
 .debug_aranges
                0x00000880       0x38 Tasks/LineFollowerSpeedTask.o
 .debug_aranges
                0x000008b8       0x40 Tasks/MotionTask.o
 .debug_aranges
                0x000008f8       0x40 Tasks/MotorPosTask.o
 .debug_aranges
                0x00000938       0x40 Tasks/MotorSpeedTask.o
 .debug_aranges
                0x00000978       0x30 Tasks/RGBTask.o
 .debug_aranges
                0x000009a8       0x58 Tasks/Disasterbot.o
 .debug_aranges
                0x00000a00       0x28 Tasks/StartupTask.o
 .debug_aranges
                0x00000a28       0x28 Tasks/TerminalTask.o

.debug_pubnames
 *(.debug_pubnames)

.debug_info     0x00000000    0x13e3c
 *(.debug_info .gnu.linkonce.wi.*)
 .debug_info    0x00000000     0x2a76 C:/Program Files (x86)/Atmel/Studio/7.0/Packs/atmel/XMEGAC_DFP/1.1.50/gcc/dev/atxmega384c3/avrxmega6/crtatxmega384c3.o
 .debug_info    0x00002a76      0x5e3 Drivers/DriverAdc.o
 .debug_info    0x00003059      0x352 Drivers/DriverAdps9960.o
 .debug_info    0x000033ab      0xb78 Drivers/DriverCursorstick.o
 .debug_info    0x00003f23      0x234 Drivers/DriverDbgUSART.o
 .debug_info    0x00004157      0x2bf Drivers/DriverLed.o
 .debug_info    0x00004416      0xd71 Drivers/DriverMotor.o
 .debug_info    0x00005187      0x313 Drivers/DriverMPU6050.o
 .debug_info    0x0000549a     0x1f0f Drivers/DriverOled.o
 .debug_info    0x000073a9      0x86f Drivers/Driverpl9823USART.o
 .debug_info    0x00007c18      0x241 Drivers/DriverPower.o
 .debug_info    0x00007e59      0x1a9 Drivers/DriverSysClk.o
 .debug_info    0x00008002      0xa95 Drivers/DriverTWIMaster.o
 .debug_info    0x00008a97      0x6a5 Drivers/DriverUSART.o
 .debug_info    0x0000913c      0x34b FreeRTOS/heap_2.o
 .debug_info    0x00009487      0x2d8 FreeRTOS/list.o
 .debug_info    0x0000975f      0x838 FreeRTOS/port.o
 .debug_info    0x00009f97     0x1f0e FreeRTOS/queue.o
 .debug_info    0x0000bea5     0x358d FreeRTOS/tasks.o
 .debug_info    0x0000f432      0x59f hooks.o
 .debug_info    0x0000f9d1      0x242 main.o
 .debug_info    0x0000fc13      0x4ce memmap.o
 .debug_info    0x000100e1      0x385 Tasks/ADCTask.o
 .debug_info    0x00010466      0x3e6 Tasks/GyroTask.o
 .debug_info    0x0001084c      0x35f Tasks/LineFollowerDirectTask.o
 .debug_info    0x00010bab      0x43c Tasks/LineFollowerSpeedTask.o
 .debug_info    0x00010fe7      0x97b Tasks/MotionTask.o
 .debug_info    0x00011962      0x56d Tasks/MotorPosTask.o
 .debug_info    0x00011ecf      0x42c Tasks/MotorSpeedTask.o
 .debug_info    0x000122fb      0x317 Tasks/RGBTask.o
 .debug_info    0x00012612      0x7fc Tasks/Disasterbot.o
 .debug_info    0x00012e0e      0x4f2 Tasks/StartupTask.o
 .debug_info    0x00013300      0xb3c Tasks/TerminalTask.o

.debug_abbrev   0x00000000     0x6060
 *(.debug_abbrev)
 .debug_abbrev  0x00000000     0x2836 C:/Program Files (x86)/Atmel/Studio/7.0/Packs/atmel/XMEGAC_DFP/1.1.50/gcc/dev/atxmega384c3/avrxmega6/crtatxmega384c3.o
 .debug_abbrev  0x00002836      0x1b2 Drivers/DriverAdc.o
 .debug_abbrev  0x000029e8      0x119 Drivers/DriverAdps9960.o
 .debug_abbrev  0x00002b01      0x1ff Drivers/DriverCursorstick.o
 .debug_abbrev  0x00002d00      0x14c Drivers/DriverDbgUSART.o
 .debug_abbrev  0x00002e4c       0xd3 Drivers/DriverLed.o
 .debug_abbrev  0x00002f1f      0x253 Drivers/DriverMotor.o
 .debug_abbrev  0x00003172      0x11f Drivers/DriverMPU6050.o
 .debug_abbrev  0x00003291      0x326 Drivers/DriverOled.o
 .debug_abbrev  0x000035b7      0x275 Drivers/Driverpl9823USART.o
 .debug_abbrev  0x0000382c       0xb9 Drivers/DriverPower.o
 .debug_abbrev  0x000038e5       0x94 Drivers/DriverSysClk.o
 .debug_abbrev  0x00003979      0x265 Drivers/DriverTWIMaster.o
 .debug_abbrev  0x00003bde      0x25d Drivers/DriverUSART.o
 .debug_abbrev  0x00003e3b      0x1db FreeRTOS/heap_2.o
 .debug_abbrev  0x00004016       0xff FreeRTOS/list.o
 .debug_abbrev  0x00004115      0x1d3 FreeRTOS/port.o
 .debug_abbrev  0x000042e8      0x2fb FreeRTOS/queue.o
 .debug_abbrev  0x000045e3      0x4ac FreeRTOS/tasks.o
 .debug_abbrev  0x00004a8f      0x189 hooks.o
 .debug_abbrev  0x00004c18       0xe9 main.o
 .debug_abbrev  0x00004d01      0x1ad memmap.o
 .debug_abbrev  0x00004eae      0x159 Tasks/ADCTask.o
 .debug_abbrev  0x00005007      0x149 Tasks/GyroTask.o
 .debug_abbrev  0x00005150      0x1ad Tasks/LineFollowerDirectTask.o
 .debug_abbrev  0x000052fd      0x186 Tasks/LineFollowerSpeedTask.o
 .debug_abbrev  0x00005483      0x1c8 Tasks/MotionTask.o
 .debug_abbrev  0x0000564b      0x16f Tasks/MotorPosTask.o
 .debug_abbrev  0x000057ba      0x1d5 Tasks/MotorSpeedTask.o
 .debug_abbrev  0x0000598f      0x166 Tasks/RGBTask.o
 .debug_abbrev  0x00005af5      0x1dc Tasks/Disasterbot.o
 .debug_abbrev  0x00005cd1      0x130 Tasks/StartupTask.o
 .debug_abbrev  0x00005e01      0x25f Tasks/TerminalTask.o

.debug_line     0x00000000     0x80bd
 *(.debug_line .debug_line.* .debug_line_end)
 .debug_line    0x00000000      0x39d C:/Program Files (x86)/Atmel/Studio/7.0/Packs/atmel/XMEGAC_DFP/1.1.50/gcc/dev/atxmega384c3/avrxmega6/crtatxmega384c3.o
 .debug_line    0x0000039d      0x22b Drivers/DriverAdc.o
 .debug_line    0x000005c8      0x1f6 Drivers/DriverAdps9960.o
 .debug_line    0x000007be      0x2a2 Drivers/DriverCursorstick.o
 .debug_line    0x00000a60      0x205 Drivers/DriverDbgUSART.o
 .debug_line    0x00000c65      0x198 Drivers/DriverLed.o
 .debug_line    0x00000dfd      0x4cf Drivers/DriverMotor.o
 .debug_line    0x000012cc      0x1fd Drivers/DriverMPU6050.o
 .debug_line    0x000014c9      0xba2 Drivers/DriverOled.o
 .debug_line    0x0000206b      0x4ef Drivers/Driverpl9823USART.o
 .debug_line    0x0000255a      0x12e Drivers/DriverPower.o
 .debug_line    0x00002688      0x145 Drivers/DriverSysClk.o
 .debug_line    0x000027cd      0x443 Drivers/DriverTWIMaster.o
 .debug_line    0x00002c10      0x241 Drivers/DriverUSART.o
 .debug_line    0x00002e51      0x2a7 FreeRTOS/heap_2.o
 .debug_line    0x000030f8      0x1d6 FreeRTOS/list.o
 .debug_line    0x000032ce      0x342 FreeRTOS/port.o
 .debug_line    0x00003610      0xf9e FreeRTOS/queue.o
 .debug_line    0x000045ae     0x1953 FreeRTOS/tasks.o
 .debug_line    0x00005f01      0x2c4 hooks.o
 .debug_line    0x000061c5      0x1f4 main.o
 .debug_line    0x000063b9      0x26d memmap.o
 .debug_line    0x00006626      0x194 Tasks/ADCTask.o
 .debug_line    0x000067ba      0x1d8 Tasks/GyroTask.o
 .debug_line    0x00006992      0x183 Tasks/LineFollowerDirectTask.o
 .debug_line    0x00006b15      0x1b7 Tasks/LineFollowerSpeedTask.o
 .debug_line    0x00006ccc      0x381 Tasks/MotionTask.o
 .debug_line    0x0000704d      0x27f Tasks/MotorPosTask.o
 .debug_line    0x000072cc      0x1a3 Tasks/MotorSpeedTask.o
 .debug_line    0x0000746f      0x1a5 Tasks/RGBTask.o
 .debug_line    0x00007614      0x419 Tasks/Disasterbot.o
 .debug_line    0x00007a2d      0x33c Tasks/StartupTask.o
 .debug_line    0x00007d69      0x354 Tasks/TerminalTask.o

.debug_frame    0x00000000     0x22cc
 *(.debug_frame)
 .debug_frame   0x00000000       0xa8 Drivers/DriverAdc.o
 .debug_frame   0x000000a8       0x90 Drivers/DriverAdps9960.o
 .debug_frame   0x00000138       0xd8 Drivers/DriverCursorstick.o
 .debug_frame   0x00000210       0x6c Drivers/DriverDbgUSART.o
 .debug_frame   0x0000027c       0x64 Drivers/DriverLed.o
 .debug_frame   0x000002e0      0x224 Drivers/DriverMotor.o
 .debug_frame   0x00000504       0x84 Drivers/DriverMPU6050.o
 .debug_frame   0x00000588      0x504 Drivers/DriverOled.o
 .debug_frame   0x00000a8c      0x138 Drivers/Driverpl9823USART.o
 .debug_frame   0x00000bc4       0x34 Drivers/DriverPower.o
 .debug_frame   0x00000bf8       0x24 Drivers/DriverSysClk.o
 .debug_frame   0x00000c1c      0x14c Drivers/DriverTWIMaster.o
 .debug_frame   0x00000d68      0x134 Drivers/DriverUSART.o
 .debug_frame   0x00000e9c       0x74 FreeRTOS/heap_2.o
 .debug_frame   0x00000f10       0x88 FreeRTOS/list.o
 .debug_frame   0x00000f98       0x94 FreeRTOS/port.o
 .debug_frame   0x0000102c      0x3f8 FreeRTOS/queue.o
 .debug_frame   0x00001424      0x7bc FreeRTOS/tasks.o
 .debug_frame   0x00001be0       0x54 hooks.o
 .debug_frame   0x00001c34       0x24 main.o
 .debug_frame   0x00001c58       0x88 memmap.o
 .debug_frame   0x00001ce0       0x74 Tasks/ADCTask.o
 .debug_frame   0x00001d54       0x78 Tasks/GyroTask.o
 .debug_frame   0x00001dcc       0x74 Tasks/LineFollowerDirectTask.o
 .debug_frame   0x00001e40       0x74 Tasks/LineFollowerSpeedTask.o
 .debug_frame   0x00001eb4       0xb4 Tasks/MotionTask.o
 .debug_frame   0x00001f68       0x94 Tasks/MotorPosTask.o
 .debug_frame   0x00001ffc       0x84 Tasks/MotorSpeedTask.o
 .debug_frame   0x00002080       0x84 Tasks/RGBTask.o
 .debug_frame   0x00002104      0x12c Tasks/Disasterbot.o
 .debug_frame   0x00002230       0x44 Tasks/StartupTask.o
 .debug_frame   0x00002274       0x58 Tasks/TerminalTask.o

.debug_str      0x00000000     0x4d3c
 *(.debug_str)
 .debug_str     0x00000000     0x1be5 C:/Program Files (x86)/Atmel/Studio/7.0/Packs/atmel/XMEGAC_DFP/1.1.50/gcc/dev/atxmega384c3/avrxmega6/crtatxmega384c3.o
 .debug_str     0x00001be5      0x41c Drivers/DriverAdc.o
                                0x4a3 (size before relaxing)
 .debug_str     0x00002001       0x72 Drivers/DriverAdps9960.o
                                0x215 (size before relaxing)
 .debug_str     0x00002073      0x429 Drivers/DriverCursorstick.o
                                0x725 (size before relaxing)
 .debug_str     0x0000249c       0x77 Drivers/DriverDbgUSART.o
                                0x22e (size before relaxing)
 .debug_str     0x00002513       0x5b Drivers/DriverLed.o
                                0x2b8 (size before relaxing)
 .debug_str     0x0000256e      0x187 Drivers/DriverMotor.o
                                0x74a (size before relaxing)
 .debug_str     0x000026f5       0x51 Drivers/DriverMPU6050.o
                                0x1fe (size before relaxing)
 .debug_str     0x00002746      0x307 Drivers/DriverOled.o
                                0x4be (size before relaxing)
 .debug_str     0x00002a4d      0x129 Drivers/Driverpl9823USART.o
                                0x3ef (size before relaxing)
 .debug_str     0x00002b76       0x29 Drivers/DriverPower.o
                                0x294 (size before relaxing)
 .debug_str     0x00002b9f       0x9e Drivers/DriverSysClk.o
                                0x240 (size before relaxing)
 .debug_str     0x00002c3d      0x398 Drivers/DriverTWIMaster.o
                                0x73d (size before relaxing)
 .debug_str     0x00002fd5       0xcc Drivers/DriverUSART.o
                                0x427 (size before relaxing)
 .debug_str     0x000030a1      0x197 FreeRTOS/heap_2.o
                                0x32a (size before relaxing)
 .debug_str     0x00003238      0x125 FreeRTOS/list.o
                                0x2cd (size before relaxing)
 .debug_str     0x0000335d      0x102 FreeRTOS/port.o
                                0x593 (size before relaxing)
 .debug_str     0x0000345f      0x5fd FreeRTOS/queue.o
                                0x99c (size before relaxing)
 .debug_str     0x00003a5c      0xbc5 FreeRTOS/tasks.o
                               0x1410 (size before relaxing)
 .debug_str     0x00004621       0x21 hooks.o
                                0x366 (size before relaxing)
 .debug_str     0x00004642       0x28 main.o
                                0x2c6 (size before relaxing)
 .debug_str     0x0000466a       0xcf memmap.o
                                0x3c2 (size before relaxing)
 .debug_str     0x00004739       0x7b Tasks/ADCTask.o
                                0x2db (size before relaxing)
 .debug_str     0x000047b4       0x68 Tasks/GyroTask.o
                                0x315 (size before relaxing)
 .debug_str     0x0000481c       0xe0 Tasks/LineFollowerDirectTask.o
                                0x352 (size before relaxing)
 .debug_str     0x000048fc       0x97 Tasks/LineFollowerSpeedTask.o
                                0x362 (size before relaxing)
 .debug_str     0x00004993      0x10c Tasks/MotionTask.o
                                0x474 (size before relaxing)
 .debug_str     0x00004a9f       0xa9 Tasks/MotorPosTask.o
                                0x40d (size before relaxing)
 .debug_str     0x00004b48       0x82 Tasks/MotorSpeedTask.o
                                0x361 (size before relaxing)
 .debug_str     0x00004bca       0x43 Tasks/RGBTask.o
                                0x28d (size before relaxing)
 .debug_str     0x00004c0d       0x9d Tasks/Disasterbot.o
                                0x4a5 (size before relaxing)
 .debug_str     0x00004caa       0x36 Tasks/StartupTask.o
                                0x412 (size before relaxing)
 .debug_str     0x00004ce0       0x5c Tasks/TerminalTask.o
                                0x3a2 (size before relaxing)

.debug_loc      0x00000000     0xd395
 *(.debug_loc)
 .debug_loc     0x00000000      0x202 Drivers/DriverAdc.o
 .debug_loc     0x00000202      0x26a Drivers/DriverAdps9960.o
 .debug_loc     0x0000046c      0x252 Drivers/DriverCursorstick.o
 .debug_loc     0x000006be      0x19a Drivers/DriverDbgUSART.o
 .debug_loc     0x00000858       0x84 Drivers/DriverLed.o
 .debug_loc     0x000008dc      0x7b6 Drivers/DriverMotor.o
 .debug_loc     0x00001092      0x1c4 Drivers/DriverMPU6050.o
 .debug_loc     0x00001256     0x28b1 Drivers/DriverOled.o
 .debug_loc     0x00003b07      0x51f Drivers/Driverpl9823USART.o
 .debug_loc     0x00004026       0x3a Drivers/DriverPower.o
 .debug_loc     0x00004060      0x56e Drivers/DriverTWIMaster.o
 .debug_loc     0x000045ce      0x31a Drivers/DriverUSART.o
 .debug_loc     0x000048e8      0x308 FreeRTOS/heap_2.o
 .debug_loc     0x00004bf0      0x151 FreeRTOS/list.o
 .debug_loc     0x00004d41      0x28d FreeRTOS/port.o
 .debug_loc     0x00004fce     0x2be0 FreeRTOS/queue.o
 .debug_loc     0x00007bae     0x3d34 FreeRTOS/tasks.o
 .debug_loc     0x0000b8e2      0x176 hooks.o
 .debug_loc     0x0000ba58      0x1e7 memmap.o
 .debug_loc     0x0000bc3f       0xf0 Tasks/ADCTask.o
 .debug_loc     0x0000bd2f      0x1b9 Tasks/GyroTask.o
 .debug_loc     0x0000bee8      0x149 Tasks/LineFollowerDirectTask.o
 .debug_loc     0x0000c031      0x18c Tasks/LineFollowerSpeedTask.o
 .debug_loc     0x0000c1bd      0x51a Tasks/MotionTask.o
 .debug_loc     0x0000c6d7      0x312 Tasks/MotorPosTask.o
 .debug_loc     0x0000c9e9      0x114 Tasks/MotorSpeedTask.o
 .debug_loc     0x0000cafd      0x387 Tasks/RGBTask.o
 .debug_loc     0x0000ce84      0x26f Tasks/Disasterbot.o
 .debug_loc     0x0000d0f3       0x62 Tasks/StartupTask.o
 .debug_loc     0x0000d155      0x240 Tasks/TerminalTask.o

.debug_macinfo
 *(.debug_macinfo)

.debug_weaknames
 *(.debug_weaknames)

.debug_funcnames
 *(.debug_funcnames)

.debug_typenames
 *(.debug_typenames)

.debug_varnames
 *(.debug_varnames)

.debug_pubtypes
 *(.debug_pubtypes)

.debug_ranges   0x00000000      0xd80
 *(.debug_ranges)
 .debug_ranges  0x00000000       0x20 Drivers/DriverAdc.o
 .debug_ranges  0x00000020       0x18 Drivers/DriverAdps9960.o
 .debug_ranges  0x00000038       0x28 Drivers/DriverCursorstick.o
 .debug_ranges  0x00000060       0x20 Drivers/DriverDbgUSART.o
 .debug_ranges  0x00000080       0x30 Drivers/DriverLed.o
 .debug_ranges  0x000000b0       0x50 Drivers/DriverMotor.o
 .debug_ranges  0x00000100       0x18 Drivers/DriverMPU6050.o
 .debug_ranges  0x00000118      0x1c8 Drivers/DriverOled.o
 .debug_ranges  0x000002e0       0x90 Drivers/Driverpl9823USART.o
 .debug_ranges  0x00000370       0x18 Drivers/DriverPower.o
 .debug_ranges  0x00000388       0x10 Drivers/DriverSysClk.o
 .debug_ranges  0x00000398       0x68 Drivers/DriverTWIMaster.o
 .debug_ranges  0x00000400       0x30 Drivers/DriverUSART.o
 .debug_ranges  0x00000430       0x28 FreeRTOS/heap_2.o
 .debug_ranges  0x00000458       0x30 FreeRTOS/list.o
 .debug_ranges  0x00000488       0x40 FreeRTOS/port.o
 .debug_ranges  0x000004c8      0x1f8 FreeRTOS/queue.o
 .debug_ranges  0x000006c0      0x420 FreeRTOS/tasks.o
 .debug_ranges  0x00000ae0       0x28 hooks.o
 .debug_ranges  0x00000b08       0x10 main.o
 .debug_ranges  0x00000b18       0x18 memmap.o
 .debug_ranges  0x00000b30       0x20 Tasks/ADCTask.o
 .debug_ranges  0x00000b50       0x20 Tasks/GyroTask.o
 .debug_ranges  0x00000b70       0x40 Tasks/LineFollowerDirectTask.o
 .debug_ranges  0x00000bb0       0x28 Tasks/LineFollowerSpeedTask.o
 .debug_ranges  0x00000bd8       0x68 Tasks/MotionTask.o
 .debug_ranges  0x00000c40       0x30 Tasks/MotorPosTask.o
 .debug_ranges  0x00000c70       0x48 Tasks/MotorSpeedTask.o
 .debug_ranges  0x00000cb8       0x20 Tasks/RGBTask.o
 .debug_ranges  0x00000cd8       0x48 Tasks/Disasterbot.o
 .debug_ranges  0x00000d20       0x18 Tasks/StartupTask.o
 .debug_ranges  0x00000d38       0x48 Tasks/TerminalTask.o

.debug_macro
 *(.debug_macro)
OUTPUT(LinebotIoT.elf elf32-avr)
LOAD linker stubs
