../Core/Src/main.c:74:6:SHT40_Init	8	static
../Core/Src/main.c:78:6:SHT40_Read	56	static
../Core/Src/main.c:102:6:LTR329_Init	32	static
../Core/Src/main.c:114:6:LTR329_Read	32	static
../Core/Src/main.c:126:6:HAL_UART_RxCpltCallback	16	static
../Core/Src/main.c:143:5:main	56	static,ignoring_inline_asm
../Core/Src/main.c:249:6:SystemClock_Config	96	static
../Core/Src/main.c:304:13:MX_I2C1_Init	8	static
../Core/Src/main.c:352:13:MX_USART2_UART_Init	8	static
../Core/Src/main.c:387:13:MX_GPIO_Init	40	static
../Core/Src/main.c:429:6:Error_Handler	4	static,ignoring_inline_asm
