../Core/Src/main.c:71:6:SHT40_Init	8	static
../Core/Src/main.c:75:6:SHT40_Read	56	static
../Core/Src/main.c:99:6:LTR329_Init	32	static
../Core/Src/main.c:111:6:LTR329_Read	32	static
../Core/Src/main.c:123:6:HAL_UART_RxCpltCallback	16	static
../Core/Src/main.c:137:5:main	24	static,ignoring_inline_asm
../Core/Src/main.c:234:6:SystemClock_Config	96	static
../Core/Src/main.c:289:13:MX_I2C1_Init	8	static
../Core/Src/main.c:337:13:MX_USART2_UART_Init	8	static
../Core/Src/main.c:372:13:MX_GPIO_Init	40	static
../Core/Src/main.c:414:6:Error_Handler	4	static,ignoring_inline_asm
